{
  "22aa443470c5ba7e6f767a18a520b9f0": {
    "query_kind": "spatial_aggregate",
    "locations": {
      "query_kind": "daily_location",
      "date": "2016-01-01",
      "aggregation_unit": "admin3",
      "method": "last",
      "subscriber_subset": null,
      "sampling": {
        "sampling_method": "bernoulli",
        "size": 10,
        "seed": 0.5,
        "fraction": null,
        "estimate_count": false
      }
    }
  },
  "36689ffe963d9a2fd244bacae1291d85": {
    "query_kind": "spatial_aggregate",
    "locations": {
      "query_kind": "daily_location",
      "date": "2016-01-01",
      "aggregation_unit": "admin3",
      "method": "last",
      "subscriber_subset": null,
      "sampling": null
    }
  },
  "1fed61120ca8f85d75c9384707a82b73": {
    "query_kind": "location_event_counts",
    "start_date": "2016-01-01",
    "end_date": "2016-01-02",
    "interval": "day",
    "aggregation_unit": "admin3",
    "direction": "both",
    "event_types": null,
    "subscriber_subset": null
  },
  "42e26bdcf826ce0b19c798be7416368e": {
    "query_kind": "spatial_aggregate",
    "locations": {
      "query_kind": "modal_location",
      "locations": [
        {
          "query_kind": "daily_location",
          "date": "2016-01-01",
          "aggregation_unit": "admin3",
          "method": "last",
          "subscriber_subset": null
        },
        {
          "query_kind": "daily_location",
          "date": "2016-01-02",
          "aggregation_unit": "admin3",
          "method": "last",
          "subscriber_subset": null
        }
      ]
    }
  },
  "07784743904211f6ad33c26c668df5d0": {
    "query_kind": "geography",
    "aggregation_unit": "admin3"
  },
  "4b59c6222d85b68e00a79d2d096131a6": {
    "query_kind": "meaningful_locations_aggregate",
    "aggregation_unit": "admin1",
    "start_date": "2016-01-01",
    "end_date": "2016-01-02",
    "label": "unknown",
    "labels": {
      "evening": {
        "type": "Polygon",
        "coordinates": [
          [
            [
              1e-06,
              -0.5
            ],
            [
              1e-06,
              -1.1
            ],
            [
              1.1,
              -1.1
            ],
            [
              1.1,
              -0.5
            ]
          ]
        ]
      },
      "day": {
        "type": "Polygon",
        "coordinates": [
          [
            [
              -1.1,
              -0.5
            ],
            [
              -1.1,
              0.5
            ],
            [
              -1e-06,
              0.5
            ],
            [
              0,
              -0.5
            ]
          ]
        ]
      }
    },
    "tower_hour_of_day_scores": [
      -1,
      -1,
      -1,
      -1,
      -1,
      -1,
      -1,
      0,
      0,
      1,
      1,
      1,
      1,
      1,
      1,
      1,
      1,
      0,
      0,
      0,
      0,
      -1,
      -1,
      -1
    ],
    "tower_day_of_week_scores": {
      "monday": 1,
      "tuesday": 1,
      "wednesday": 1,
      "thursday": 0,
      "friday": -1,
      "saturday": -1,
      "sunday": -1
    },
    "tower_cluster_radius": 1.0,
    "tower_cluster_call_threshold": 0,
    "subscriber_subset": null
  },
  "db637245dcdb9f000f7abc669ebb7679": {
    "query_kind": "meaningful_locations_between_label_od_matrix",
    "aggregation_unit": "admin1",
    "start_date": "2016-01-01",
    "end_date": "2016-01-02",
    "label_a": "day",
    "label_b": "evening",
    "labels": {
      "day": {
        "type": "Polygon",
        "coordinates": [
          [
            [
              -1.1,
              -0.5
            ],
            [
              -1.1,
              0.5
            ],
            [
              -1e-06,
              0.5
            ],
            [
              0,
              -0.5
            ]
          ]
        ]
      },
      "evening": {
        "type": "Polygon",
        "coordinates": [
          [
            [
              1e-06,
              -0.5
            ],
            [
              1e-06,
              -1.1
            ],
            [
              1.1,
              -1.1
            ],
            [
              1.1,
              -0.5
            ]
          ]
        ]
      }
    },
    "tower_hour_of_day_scores": [
      -1,
      -1,
      -1,
      -1,
      -1,
      -1,
      -1,
      0,
      0,
      1,
      1,
      1,
      1,
      1,
      1,
      1,
      1,
      0,
      0,
      0,
      0,
      -1,
      -1,
      -1
    ],
    "tower_day_of_week_scores": {
      "monday": 1,
      "tuesday": 1,
      "wednesday": 1,
      "thursday": 0,
      "friday": -1,
      "saturday": -1,
      "sunday": -1
    },
    "tower_cluster_radius": 1.0,
    "tower_cluster_call_threshold": 0,
    "subscriber_subset": null
  },
  "f507afe2b505537f24149bb53b5c1083": {
    "query_kind": "meaningful_locations_between_dates_od_matrix",
    "aggregation_unit": "admin1",
    "start_date_a": "2016-01-01",
    "end_date_a": "2016-01-02",
    "start_date_b": "2016-01-01",
    "end_date_b": "2016-01-05",
    "label": "unknown",
    "labels": {
      "day": {
        "type": "Polygon",
        "coordinates": [
          [
            [
              -1.1,
              -0.5
            ],
            [
              -1.1,
              0.5
            ],
            [
              -1e-06,
              0.5
            ],
            [
              0,
              -0.5
            ]
          ]
        ]
      },
      "evening": {
        "type": "Polygon",
        "coordinates": [
          [
            [
              1e-06,
              -0.5
            ],
            [
              1e-06,
              -1.1
            ],
            [
              1.1,
              -1.1
            ],
            [
              1.1,
              -0.5
            ]
          ]
        ]
      }
    },
    "tower_hour_of_day_scores": [
      -1,
      -1,
      -1,
      -1,
      -1,
      -1,
      -1,
      0,
      0,
      1,
      1,
      1,
      1,
      1,
      1,
      1,
      1,
      0,
      0,
      0,
      0,
      -1,
      -1,
      -1
    ],
    "tower_day_of_week_scores": {
      "monday": 1,
      "tuesday": 1,
      "wednesday": 1,
      "thursday": 0,
      "friday": -1,
      "saturday": -1,
      "sunday": -1
    },
    "tower_cluster_radius": 1.0,
    "tower_cluster_call_threshold": 2,
    "subscriber_subset": null
  }
}