{
  "261b85fc9c64253889174ea8151f1d69": {
    "query_kind": "spatial_aggregate",
    "locations": {
      "query_kind": "daily_location",
      "date": "2016-01-01",
      "aggregation_unit": "admin3",
      "method": "last",
      "event_types": [
        "calls",
        "sms"
      ],
      "subscriber_subset": null,
      "sampling": {
        "sampling_method": "bernoulli",
        "size": 10,
        "seed": 0.5,
        "fraction": null,
        "estimate_count": false
      }
    }
  },
  "e142ffb3174add433422c2724a08c02b": {
    "query_kind": "spatial_aggregate",
    "locations": {
      "query_kind": "daily_location",
      "date": "2016-01-01",
      "aggregation_unit": "admin3",
      "method": "last",
      "event_types": null,
      "subscriber_subset": null,
      "sampling": null
    }
  },
  "9ddadf16ed7bb751a3e764ec4ccb48c3": {
    "query_kind": "location_event_counts",
    "start_date": "2016-01-01",
    "end_date": "2016-01-02",
    "interval": "day",
    "aggregation_unit": "admin3",
    "direction": "both",
    "event_types": null,
    "subscriber_subset": null
  },
  "b48d02838163766771eeed8cd8aafd98": {
    "query_kind": "spatial_aggregate",
    "locations": {
      "query_kind": "modal_location",
      "locations": [
        {
          "query_kind": "daily_location",
          "date": "2016-01-01",
          "aggregation_unit": "admin3",
          "method": "last",
          "subscriber_subset": null
        },
        {
          "query_kind": "daily_location",
          "date": "2016-01-02",
          "aggregation_unit": "admin3",
          "method": "last",
          "subscriber_subset": null
        }
      ]
    }
  },
  "6521353e7563ed700dfd2cf90721934b": {
    "query_kind": "geography",
    "aggregation_unit": "admin3"
  },
  "75b0532a747b473f69b45b78fdc29865": {
    "query_kind": "meaningful_locations_aggregate",
    "aggregation_unit": "admin1",
    "start_date": "2016-01-01",
    "end_date": "2016-01-02",
    "label": "unknown",
    "labels": {
      "evening": {
        "type": "Polygon",
        "coordinates": [
          [
            [
              1e-06,
              -0.5
            ],
            [
              1e-06,
              -1.1
            ],
            [
              1.1,
              -1.1
            ],
            [
              1.1,
              -0.5
            ]
          ]
        ]
      },
      "day": {
        "type": "Polygon",
        "coordinates": [
          [
            [
              -1.1,
              -0.5
            ],
            [
              -1.1,
              0.5
            ],
            [
              -1e-06,
              0.5
            ],
            [
              0,
              -0.5
            ]
          ]
        ]
      }
    },
    "tower_hour_of_day_scores": [
      -1,
      -1,
      -1,
      -1,
      -1,
      -1,
      -1,
      0,
      0,
      1,
      1,
      1,
      1,
      1,
      1,
      1,
      1,
      0,
      0,
      0,
      0,
      -1,
      -1,
      -1
    ],
    "tower_day_of_week_scores": {
      "monday": 1,
      "tuesday": 1,
      "wednesday": 1,
      "thursday": 0,
      "friday": -1,
      "saturday": -1,
      "sunday": -1
    },
    "tower_cluster_radius": 1.0,
    "tower_cluster_call_threshold": 0,
    "subscriber_subset": null
  },
  "5df56eee4dc96ed961f8eb76583cc6de": {
    "query_kind": "meaningful_locations_between_label_od_matrix",
    "aggregation_unit": "admin1",
    "start_date": "2016-01-01",
    "end_date": "2016-01-02",
    "label_a": "day",
    "label_b": "evening",
    "labels": {
      "day": {
        "type": "Polygon",
        "coordinates": [
          [
            [
              -1.1,
              -0.5
            ],
            [
              -1.1,
              0.5
            ],
            [
              -1e-06,
              0.5
            ],
            [
              0,
              -0.5
            ]
          ]
        ]
      },
      "evening": {
        "type": "Polygon",
        "coordinates": [
          [
            [
              1e-06,
              -0.5
            ],
            [
              1e-06,
              -1.1
            ],
            [
              1.1,
              -1.1
            ],
            [
              1.1,
              -0.5
            ]
          ]
        ]
      }
    },
    "tower_hour_of_day_scores": [
      -1,
      -1,
      -1,
      -1,
      -1,
      -1,
      -1,
      0,
      0,
      1,
      1,
      1,
      1,
      1,
      1,
      1,
      1,
      0,
      0,
      0,
      0,
      -1,
      -1,
      -1
    ],
    "tower_day_of_week_scores": {
      "monday": 1,
      "tuesday": 1,
      "wednesday": 1,
      "thursday": 0,
      "friday": -1,
      "saturday": -1,
      "sunday": -1
    },
    "tower_cluster_radius": 1.0,
    "tower_cluster_call_threshold": 0,
    "event_types": null,
    "subscriber_subset": null
  },
  "00bee92b22b1ceb98244c5700a079656": {
    "query_kind": "meaningful_locations_between_dates_od_matrix",
    "aggregation_unit": "admin1",
    "start_date_a": "2016-01-01",
    "end_date_a": "2016-01-02",
    "start_date_b": "2016-01-01",
    "end_date_b": "2016-01-05",
    "label": "unknown",
    "labels": {
      "day": {
        "type": "Polygon",
        "coordinates": [
          [
            [
              -1.1,
              -0.5
            ],
            [
              -1.1,
              0.5
            ],
            [
              -1e-06,
              0.5
            ],
            [
              0,
              -0.5
            ]
          ]
        ]
      },
      "evening": {
        "type": "Polygon",
        "coordinates": [
          [
            [
              1e-06,
              -0.5
            ],
            [
              1e-06,
              -1.1
            ],
            [
              1.1,
              -1.1
            ],
            [
              1.1,
              -0.5
            ]
          ]
        ]
      }
    },
    "tower_hour_of_day_scores": [
      -1,
      -1,
      -1,
      -1,
      -1,
      -1,
      -1,
      0,
      0,
      1,
      1,
      1,
      1,
      1,
      1,
      1,
      1,
      0,
      0,
      0,
      0,
      -1,
      -1,
      -1
    ],
    "tower_day_of_week_scores": {
      "monday": 1,
      "tuesday": 1,
      "wednesday": 1,
      "thursday": 0,
      "friday": -1,
      "saturday": -1,
      "sunday": -1
    },
    "tower_cluster_radius": 1.0,
    "tower_cluster_call_threshold": 2,
    "event_types": [
      "calls",
      "sms"
    ],
    "subscriber_subset": null
  },
  "c3dc95da89aeb0908b9398918dab6f26": {
    "query_kind": "flows",
    "from_location": {
      "query_kind": "daily_location",
      "date": "2016-01-01",
      "aggregation_unit": "admin3",
      "method": "last"
    },
    "to_location": {
      "query_kind": "unique_locations",
      "start_date": "2016-01-01",
      "end_date": "2016-01-04",
      "aggregation_unit": "admin3"
    },
    "join_type": "left outer"
  },
  "95fbc18554e15733df47bfd5cbaa3f87": {
    "query_kind": "flows",
    "from_location": {
      "query_kind": "majority_location",
      "subscriber_location_weights": {
        "query_kind": "location_visits",
        "locations": [
          {
            "query_kind": "daily_location",
            "date": "2016-01-01",
            "aggregation_unit": "admin3",
            "method": "last",
            "subscriber_subset": null
          },
          {
            "query_kind": "daily_location",
            "date": "2016-01-02",
            "aggregation_unit": "admin3",
            "method": "last",
            "subscriber_subset": null
          }
        ]
      }
    },
    "to_location": {
      "query_kind": "majority_location",
      "subscriber_location_weights": {
        "query_kind": "location_visits",
        "locations": [
          {
            "query_kind": "daily_location",
            "date": "2016-01-04",
            "aggregation_unit": "admin3",
            "method": "last",
            "subscriber_subset": null
          },
          {
            "query_kind": "daily_location",
            "date": "2016-01-05",
            "aggregation_unit": "admin3",
            "method": "last",
            "subscriber_subset": null
          }
        ]
      }
    }
  },
  "920dfdf5568d75921c4173da8bccc6ef": {
    "query_kind": "labelled_spatial_aggregate",
    "locations": {
      "query_kind": "coalesced_location",
      "preferred_location": {
        "query_kind": "majority_location",
        "subscriber_location_weights": {
          "query_kind": "location_visits",
          "locations": [
            {
              "query_kind": "daily_location",
              "date": "2016-01-03",
              "aggregation_unit": "admin3",
              "method": "last",
              "subscriber_subset": null
            },
            {
              "query_kind": "daily_location",
              "date": "2016-01-04",
              "aggregation_unit": "admin3",
              "method": "last",
              "subscriber_subset": null
            }
          ]
        },
        "minimum_total_weight": 2,
        "include_unlocatable": true
      },
      "fallback_location": {
        "query_kind": "majority_location",
        "subscriber_location_weights": {
          "query_kind": "location_visits",
          "locations": [
            {
              "query_kind": "daily_location",
              "date": "2016-01-01",
              "aggregation_unit": "admin3",
              "method": "last",
              "subscriber_subset": null
            },
            {
              "query_kind": "daily_location",
              "date": "2016-01-02",
              "aggregation_unit": "admin3",
              "method": "last",
              "subscriber_subset": null
            }
          ]
        },
        "minimum_total_weight": 2,
        "include_unlocatable": false
      },
      "subscriber_location_weights": {
        "query_kind": "location_visits",
        "locations": [
          {
            "query_kind": "daily_location",
            "date": "2016-01-03",
            "aggregation_unit": "admin3",
            "method": "last",
            "subscriber_subset": null
          },
          {
            "query_kind": "daily_location",
            "date": "2016-01-04",
            "aggregation_unit": "admin3",
            "method": "last",
            "subscriber_subset": null
          }
        ]
      },
      "weight_threshold": 2
    },
    "labels": {
      "query_kind": "mobility_classification",
      "locations": [
        {
          "query_kind": "coalesced_location",
          "preferred_location": {
            "query_kind": "majority_location",
            "subscriber_location_weights": {
              "query_kind": "location_visits",
              "locations": [
                {
                  "query_kind": "daily_location",
                  "date": "2016-01-03",
                  "aggregation_unit": "admin3",
                  "method": "last",
                  "subscriber_subset": null
                },
                {
                  "query_kind": "daily_location",
                  "date": "2016-01-04",
                  "aggregation_unit": "admin3",
                  "method": "last",
                  "subscriber_subset": null
                }
              ]
            },
            "minimum_total_weight": 2,
            "include_unlocatable": true
          },
          "fallback_location": {
            "query_kind": "majority_location",
            "subscriber_location_weights": {
              "query_kind": "location_visits",
              "locations": [
                {
                  "query_kind": "daily_location",
                  "date": "2016-01-01",
                  "aggregation_unit": "admin3",
                  "method": "last",
                  "subscriber_subset": null
                },
                {
                  "query_kind": "daily_location",
                  "date": "2016-01-02",
                  "aggregation_unit": "admin3",
                  "method": "last",
                  "subscriber_subset": null
                }
              ]
            },
            "minimum_total_weight": 2,
            "include_unlocatable": false
          },
          "subscriber_location_weights": {
            "query_kind": "location_visits",
            "locations": [
              {
                "query_kind": "daily_location",
                "date": "2016-01-03",
                "aggregation_unit": "admin3",
                "method": "last",
                "subscriber_subset": null
              },
              {
                "query_kind": "daily_location",
                "date": "2016-01-04",
                "aggregation_unit": "admin3",
                "method": "last",
                "subscriber_subset": null
              }
            ]
          },
          "weight_threshold": 2
        },
        {
          "query_kind": "coalesced_location",
          "preferred_location": {
            "query_kind": "majority_location",
            "subscriber_location_weights": {
              "query_kind": "location_visits",
              "locations": [
                {
                  "query_kind": "daily_location",
                  "date": "2016-01-05",
                  "aggregation_unit": "admin3",
                  "method": "last",
                  "subscriber_subset": null
                },
                {
                  "query_kind": "daily_location",
                  "date": "2016-01-06",
                  "aggregation_unit": "admin3",
                  "method": "last",
                  "subscriber_subset": null
                }
              ]
            },
            "minimum_total_weight": 2,
            "include_unlocatable": true
          },
          "fallback_location": {
            "query_kind": "majority_location",
            "subscriber_location_weights": {
              "query_kind": "location_visits",
              "locations": [
                {
                  "query_kind": "daily_location",
                  "date": "2016-01-03",
                  "aggregation_unit": "admin3",
                  "method": "last",
                  "subscriber_subset": null
                },
                {
                  "query_kind": "daily_location",
                  "date": "2016-01-04",
                  "aggregation_unit": "admin3",
                  "method": "last",
                  "subscriber_subset": null
                }
              ]
            },
            "minimum_total_weight": 2,
            "include_unlocatable": false
          },
          "subscriber_location_weights": {
            "query_kind": "location_visits",
            "locations": [
              {
                "query_kind": "daily_location",
                "date": "2016-01-05",
                "aggregation_unit": "admin3",
                "method": "last",
                "subscriber_subset": null
              },
              {
                "query_kind": "daily_location",
                "date": "2016-01-06",
                "aggregation_unit": "admin3",
                "method": "last",
                "subscriber_subset": null
              }
            ]
          },
          "weight_threshold": 2
        }
      ],
      "stay_length_threshold": 2
    }
  },
  "c915d87b66df83904634990e2f78da9e": {
    "query_kind": "labelled_flows",
    "from_location": {
      "query_kind": "coalesced_location",
      "preferred_location": {
        "query_kind": "majority_location",
        "subscriber_location_weights": {
          "query_kind": "location_visits",
          "locations": [
            {
              "query_kind": "daily_location",
              "date": "2016-01-03",
              "aggregation_unit": "admin3",
              "method": "last",
              "subscriber_subset": null
            },
            {
              "query_kind": "daily_location",
              "date": "2016-01-04",
              "aggregation_unit": "admin3",
              "method": "last",
              "subscriber_subset": null
            }
          ]
        },
        "minimum_total_weight": 2,
        "include_unlocatable": true
      },
      "fallback_location": {
        "query_kind": "majority_location",
        "subscriber_location_weights": {
          "query_kind": "location_visits",
          "locations": [
            {
              "query_kind": "daily_location",
              "date": "2016-01-01",
              "aggregation_unit": "admin3",
              "method": "last",
              "subscriber_subset": null
            },
            {
              "query_kind": "daily_location",
              "date": "2016-01-02",
              "aggregation_unit": "admin3",
              "method": "last",
              "subscriber_subset": null
            }
          ]
        },
        "minimum_total_weight": 2,
        "include_unlocatable": false
      },
      "subscriber_location_weights": {
        "query_kind": "location_visits",
        "locations": [
          {
            "query_kind": "daily_location",
            "date": "2016-01-03",
            "aggregation_unit": "admin3",
            "method": "last",
            "subscriber_subset": null
          },
          {
            "query_kind": "daily_location",
            "date": "2016-01-04",
            "aggregation_unit": "admin3",
            "method": "last",
            "subscriber_subset": null
          }
        ]
      },
      "weight_threshold": 2
    },
    "to_location": {
      "query_kind": "coalesced_location",
      "preferred_location": {
        "query_kind": "majority_location",
        "subscriber_location_weights": {
          "query_kind": "location_visits",
          "locations": [
            {
              "query_kind": "daily_location",
              "date": "2016-01-05",
              "aggregation_unit": "admin3",
              "method": "last",
              "subscriber_subset": null
            },
            {
              "query_kind": "daily_location",
              "date": "2016-01-06",
              "aggregation_unit": "admin3",
              "method": "last",
              "subscriber_subset": null
            }
          ]
        },
        "minimum_total_weight": 2,
        "include_unlocatable": true
      },
      "fallback_location": {
        "query_kind": "majority_location",
        "subscriber_location_weights": {
          "query_kind": "location_visits",
          "locations": [
            {
              "query_kind": "daily_location",
              "date": "2016-01-03",
              "aggregation_unit": "admin3",
              "method": "last",
              "subscriber_subset": null
            },
            {
              "query_kind": "daily_location",
              "date": "2016-01-04",
              "aggregation_unit": "admin3",
              "method": "last",
              "subscriber_subset": null
            }
          ]
        },
        "minimum_total_weight": 2,
        "include_unlocatable": false
      },
      "subscriber_location_weights": {
        "query_kind": "location_visits",
        "locations": [
          {
            "query_kind": "daily_location",
            "date": "2016-01-05",
            "aggregation_unit": "admin3",
            "method": "last",
            "subscriber_subset": null
          },
          {
            "query_kind": "daily_location",
            "date": "2016-01-06",
            "aggregation_unit": "admin3",
            "method": "last",
            "subscriber_subset": null
          }
        ]
      },
      "weight_threshold": 2
    },
    "labels": {
      "query_kind": "mobility_classification",
      "locations": [
        {
          "query_kind": "coalesced_location",
          "preferred_location": {
            "query_kind": "majority_location",
            "subscriber_location_weights": {
              "query_kind": "location_visits",
              "locations": [
                {
                  "query_kind": "daily_location",
                  "date": "2016-01-03",
                  "aggregation_unit": "admin3",
                  "method": "last",
                  "subscriber_subset": null
                },
                {
                  "query_kind": "daily_location",
                  "date": "2016-01-04",
                  "aggregation_unit": "admin3",
                  "method": "last",
                  "subscriber_subset": null
                }
              ]
            },
            "minimum_total_weight": 2,
            "include_unlocatable": true
          },
          "fallback_location": {
            "query_kind": "majority_location",
            "subscriber_location_weights": {
              "query_kind": "location_visits",
              "locations": [
                {
                  "query_kind": "daily_location",
                  "date": "2016-01-01",
                  "aggregation_unit": "admin3",
                  "method": "last",
                  "subscriber_subset": null
                },
                {
                  "query_kind": "daily_location",
                  "date": "2016-01-02",
                  "aggregation_unit": "admin3",
                  "method": "last",
                  "subscriber_subset": null
                }
              ]
            },
            "minimum_total_weight": 2,
            "include_unlocatable": false
          },
          "subscriber_location_weights": {
            "query_kind": "location_visits",
            "locations": [
              {
                "query_kind": "daily_location",
                "date": "2016-01-03",
                "aggregation_unit": "admin3",
                "method": "last",
                "subscriber_subset": null
              },
              {
                "query_kind": "daily_location",
                "date": "2016-01-04",
                "aggregation_unit": "admin3",
                "method": "last",
                "subscriber_subset": null
              }
            ]
          },
          "weight_threshold": 2
        },
        {
          "query_kind": "coalesced_location",
          "preferred_location": {
            "query_kind": "majority_location",
            "subscriber_location_weights": {
              "query_kind": "location_visits",
              "locations": [
                {
                  "query_kind": "daily_location",
                  "date": "2016-01-05",
                  "aggregation_unit": "admin3",
                  "method": "last",
                  "subscriber_subset": null
                },
                {
                  "query_kind": "daily_location",
                  "date": "2016-01-06",
                  "aggregation_unit": "admin3",
                  "method": "last",
                  "subscriber_subset": null
                }
              ]
            },
            "minimum_total_weight": 2,
            "include_unlocatable": true
          },
          "fallback_location": {
            "query_kind": "majority_location",
            "subscriber_location_weights": {
              "query_kind": "location_visits",
              "locations": [
                {
                  "query_kind": "daily_location",
                  "date": "2016-01-03",
                  "aggregation_unit": "admin3",
                  "method": "last",
                  "subscriber_subset": null
                },
                {
                  "query_kind": "daily_location",
                  "date": "2016-01-04",
                  "aggregation_unit": "admin3",
                  "method": "last",
                  "subscriber_subset": null
                }
              ]
            },
            "minimum_total_weight": 2,
            "include_unlocatable": false
          },
          "subscriber_location_weights": {
            "query_kind": "location_visits",
            "locations": [
              {
                "query_kind": "daily_location",
                "date": "2016-01-05",
                "aggregation_unit": "admin3",
                "method": "last",
                "subscriber_subset": null
              },
              {
                "query_kind": "daily_location",
                "date": "2016-01-06",
                "aggregation_unit": "admin3",
                "method": "last",
                "subscriber_subset": null
              }
            ]
          },
          "weight_threshold": 2
        }
      ],
      "stay_length_threshold": 2
    },
    "join_type": "full outer"
  }
}
