,subscriber,location_id
0,GNLM7eW5J5wmlwRa,UJE4phmX
1,e6BxY8mAP38GyAQz,eAwMUT94
