,subscriber,value
0,2ZdMowMXoyMByY07,2
1,MobnrVMDK24wPRzB,5
2,0Ze1l70j0LNgyY4w,2
3,Nnlqka1oevEMvVrm,4
4,gPZ7jbqlnAXR3JG5,2
5,4dqenN2oQZExwEK2,4
6,G0VxgAwoOPAM685Q,4
7,XWRldepdNlegN3Zo,6
8,rJeX25p8mn5Qwqmd,10
9,0NVaL8k1nwRwOmlg,7
10,NzlPGkByB5jqBJ1v,5
11,NOXLME8YWo09J6oY,4
12,RGkzrL0JYKb2gPqW,3
13,A42Xl6GzjBqMODyz,3
14,QWZzERBdXVM0GKXd,5
15,bKZLwjrMQG7z468y,6
16,l81xEJB2XdJWNedP,1
17,gZPKMqedeKrQ72pn,4
18,GJP3DWdGyb4QBnyo,7
19,37J9rKydzJ0mvo0z,2
20,qPorDyvDD8RmgnL0,5
21,oQOm1YkDxljp3AVL,3
22,Vqjp2yxLk8yebXmP,4
23,A8Y0ylLjaDDQwORD,7
24,xN4XQEa6JZJvkeAj,4
25,pB8g1y7jQEZO734d,5
26,wrmEaJ9prNvyV4zL,4
27,eJ6vRwmbMEv5E7gq,5
28,49x6bnGG8mnWMy87,3
29,E0LZAa7AyNd34Djq,4
30,DzpZJ2EaVQo2X5vM,3
31,6zm4b7veY2ljEQ95,6
32,poXqlQOnjlJ5EZMj,3
33,Q3xOLdlXJ4dMB7R1,2
34,qEzo57xNeXjLBDeX,5
35,E1n7JoqxPBjvR5Ve,2
36,NA7D19MmEm9gkK5R,1
37,BNxWrJ9mqMJ83Mzk,4
38,ZQbqE6Kw4d6WRnm2,4
39,Q7lRVD4YY1xawymG,4
40,8dpPLR15XwR7jQyN,4
41,NG1km5NzBg5JD8nj,3
42,KyonmeOzDkEN40qP,2
43,N5lAaO2KM31PRzp6,4
44,pd0bV8W1z4kJzgv5,3
45,81B6q0K8k325XWmn,2
46,B7blVrVn0br1zP3x,5
47,KAygLZgx8oAeJz8Y,5
48,kjGXLy9lWnZ4V6J7,3
49,8b6qy2aDVmjlaogE,4
50,P7kMZxeEOzxr2Wg1,5
51,M60LdelQ6ROXRJ3P,6
52,Rzx9WE1QRqdEX2Gp,4
53,p6alg5rYl14BG2nL,7
54,bjY7mMXxE3zMoelO,5
55,O8a7ADMbbmv0QkbV,2
56,zj9KZblppy6byEDg,5
57,AMjGX58pWv5Ql2o6,4
58,gwAynWXp4eWvxGP7,7
59,8gQ13KpqedDJO4aE,2
60,X2GyrjgBPNJpveaZ,6
61,yYbzQ46yEx93D7je,2
62,gWPl7QBD8VnEyX8K,2
63,x8o7D2Ax8Lg5Y0MB,5
64,gKkzQLa0yZ6Mvonm,3
65,aK9GDX8nozb2RB67,3
66,yObw75JkAZ0vKRlz,5
67,ZYPxqVGLzlQy6l7n,7
68,D6b8NwVBmmw5JzA1,4
69,8rxEQOL3ePZdAe1z,6
70,O2oGlMjNX7MpwV43,3
71,p8oPjnDRq0M2wJW0,7
72,dw0xVe5rw3gy14EL,3
73,GXd06jGNEamgBwr3,1
74,5KaRV2B36vpNoybG,5
75,PeJKXdZRoadyEMaj,4
76,JO3QBk9PmjoMmge6,5
77,V7MBRewnwQGE91gY,7
78,nGXqgLRgBKlRd79W,9
79,Wm2PbGlxP7GAzvVn,5
80,BebaVL8XZzLn18y2,2
81,zGWn8opVmOQAD6xY,2
82,1jwYL3Nl1Y46lNeQ,4
83,oanJmEDrLxpbVPzM,7
84,LnKG6xoRJ0X1wm7Y,2
85,OBwVW2WZNdMrEv7Q,3
86,5Q0lndPxZYdZGMO8,2
87,VkzMxYjv7mYn53oK,6
88,Vqy0OnN9P6lYgAze,2
89,BGXbdrXG9J2gVZoA,1
90,oqNR8gkbv6e4K97z,6
91,o1Rwj2XPYo2E05KP,2
92,peMgdn594XnNO4bK,2
93,kw0rRZVr2vZB2zWl,2
94,YGE2AwGPPEa86kq9,6
95,2PjYkGv6ARGqQ67p,5
96,YNv2EgDJxxAoy0Gr,3
97,4ZVwldpn4QXDN0OY,3
98,DWV9mxjjvLxwnXyb,3
99,87mobXjNNDVX51ML,4
100,NvzxDwNZo0wleBg5,8
101,7nWrYGEd029zJ02M,3
102,nJLe9jzo96KVAXN7,1
103,P5Bwzx72E80Dno21,6
104,Bn5kZrQ2WgEy14zN,6
105,ABV1RygG9oyXoJ8j,6
106,P8RpJMqGpexyOl2o,2
107,ka54Xb0N4x9LqPnE,2
108,vKVLDx8koQWZ2ez0,6
109,NYdrjyrdMdZDmXok,5
110,6v9YyNx3r7zb3kO8,6
111,X809mynDXN621PoN,6
112,nX89Y35pYvqAVvpD,3
113,OdM7np8LYEp1mkvP,4
114,2Dq97XmPqvL6noGk,1
115,ed57vNjYWoLxOBMl,3
116,jW09JkYPjv6zmKP8,4
117,gWXN3Z5veAr162kw,3
118,5zgW0QZlRLvwrLJo,2
119,gKqw0y4RWwQApPrm,1
120,X12gvGBdjp7E3Pbj,4
121,6ALdEroGZZrjqbgl,4
122,0ayZGYEQrqYlKw6g,3
123,YK6z2lXzg7w57Vap,4
124,4ZpLvnNZArnNae9R,7
125,1vGR8kp342yxEpwY,2
126,xkZb5E55LYE10wa4,6
127,0Gl95NRLjW2aw8pW,2
128,W8eEBvV6P8Jv01XZ,3
129,JNK7mk5G1Dy6M2Ya,1
130,DAlqeZENbeOn2vBw,3
131,l2RN3b7WRl2b1V8P,4
132,4oLKbnxm3vXqjMVx,1
133,amW6DwnDmbZ50xkO,3
134,jWXpmeg35Ye3ByoJ,1
135,5vwqabdVV1lZyLBE,5
136,AZj6MqBAryVyNRDo,2
137,YxDnjbQ4E9pVK4A6,4
138,83Kywz7PZqjMPJpR,3
139,m51bzWYMxKWLJy2V,3
140,4pQo67v0PWyLdYKO,5
141,w1N59Jo07vbgrKae,5
142,wynMvOdqX6Eo9PmR,5
143,MLo57YoM963gRQe1,3
144,QWAjL9Nbyx95moq7,1
145,JN6WPrJPeKV1lx3q,3
146,Rv8rPlM4wp54q7QZ,4
147,YR920VxJq5PNQBAG,4
148,QK78nqVO0o21VGB0,3
149,gWwV6lpVON7ryzDe,1
150,YeqxBmVgL1EnONv8,3
151,8br1gO32xWXxjY0R,5
152,ZQG8glazmxYa1K62,3
153,KD1ro51Yo6o5vg6n,7
154,EkpjZe5z37W70QKA,3
155,8lo9EgjnyjgKO7vL,4
156,Va0P7xJQVOmMpQn6,2
157,JZoaw2jzvK2QMKYX,5
158,oq936AVWZRzYWPrZ,2
159,KmdyQlgVyQjDWvJN,3
160,Ea2DjkNvAvkp7OMe,6
161,M9YvRrkbpeZ052yj,3
162,lDv0jon4AyqL4byn,4
163,BVYqp0ryO1oj1gRo,4
164,Y8lvgqN0n75GQwk7,3
165,V4DJ7AaxLLOyWEZ3,9
166,vJrRPQRm1lEma2KO,1
167,W2VRAqvL4OM1xZEO,6
168,VgzRWn82MdlbXkyO,5
169,VGYEqRGVxVQl7JZO,6
170,gkBLe0mN5j3qmRpX,5
171,jWlyLwbGdvKV35Mm,1
172,M0pdYQAADkQXP9Vy,4
173,dWE82PWRRkX5wr0b,3
174,lkPBK9BmJMpvMWnb,5
175,Pq0xpgkyDrY6kmDy,3
176,aroL1Ar5K1jK9G26,3
177,a0ZQeXdY48Wg5bkw,1
178,v3kQyzZNRNAz5lbZ,7
179,dgz4WNZOAm5bmJ9M,7
180,0zqZPERbraE8NM4W,4
181,vBR2gwl2B0nDJob5,4
182,G2DQzae1qOa48jK9,4
183,ApNYxdeQlEdm76ga,4
184,Bar6kR1QXKRlYn1J,3
185,B4JG213EnO0bwXAN,7
186,ya9DBmDpJNm25lP1,4
187,mqP6d9k5nR21oaeb,3
188,8e4zNGWqVArxE2Zo,7
189,EreGoBpxJOBNl392,5
190,RB4gWNwl4D8exP7l,5
191,M9GgmAJX2g75aK2N,3
192,ZM3zYAPqx95Rw15J,4
193,lMPW3K768jbgyRvo,2
194,KM4YzL5aPRL59dRy,4
195,EdWZO2dVLNRDMPlV,8
196,rG5oYMVaBj42Oa6L,3
197,X47N9O28wGd6Mneo,4
198,q4rpo9aoJR3BbvWl,5
199,7XebRKr35JMJnq8A,1
200,WkYAGXV6A1XOxg8o,6
201,dM4aLP8N97eYABwR,2
202,mkqQ4NPBPQLapbeg,3
203,5oDLGWg9lBeQRP9d,4
204,3x5BKX29EzQVDbJy,4
205,2vmOlAENnxpPM1xX,3
206,LjDxeZEREElG7m0r,4
207,pxgnQqP14BVkLM6o,6
208,gQ0eDL57DgxKwqn8,7
209,QEoRM9vlkV18N4ZY,3
210,WdBX5pVBE2pynxPQ,5
211,oL13aVowaNpVk2np,5
212,gz3o1Zr6yJZnOYr9,4
213,lRjYnM34X5AXBGrz,1
214,09NrjaNNvDanD8pk,3
215,E9nlO1dMyVAWr60X,1
216,kmR2eMYzRbAW8r4Q,5
217,148ZaRZe54wPGQ9r,4
218,gPDW4zr1YmVGqEAO,4
219,oX6kEmV5yyb0xq3M,5
220,nAELXw76mverkmqZ,3
221,J0Yyqw2rkVEwpMG2,3
222,7JyRXDKdd4gnwq0d,4
223,7lNP0mDOAK3xKWv4,3
224,GNmpb80ZawxQ7WOV,2
225,4587JeOdRBEW96K1,2
226,a76Ajyb9dmEYNd8L,3
227,pdrXzZj2DkZLJvbk,1
228,LqgwYrR7ZZp5xGK1,4
229,kq7DLQar1nw2glYN,5
230,NejWvxnkxjlXpJgQ,4
231,4PWQE7lNA25NYV6p,6
232,PWlZ8Q5zjYkGJzXg,4
233,038OVABN11Ak4W5P,8
234,ye8jQ0ovnGd9GlJa,4
235,5Kgwy8Gp6DlN3Eq9,3
236,woOyJvzKBALYj8za,4
237,8bGZXqJXP1Jgr1EM,2
238,j6QYNbMJgAwlVORP,4
239,NeRzMVGy2MEvgjDZ,5
240,6nYkgBqZNo5KG7N4,2
241,oLkvlE7D98R6XK0z,5
242,BKMy1nYEZpnoEA7G,4
243,kYp5Xor8eGQ0DBZL,2
244,RkdLwPWLboQ2WvX4,2
245,RnAv0YjPnW68x9wr,8
246,Ma0Xv1XJxE2JV7r8,2
247,ZEjaJ0lkr19vYWRB,2
248,pD0me6Do0dNE1nYZ,2
249,nB4qp1mVza9bWY0E,6
250,Z89mWDgZrr3qpnlB,1
251,vOGRpPpAArjBQZ9y,5
252,lqOknAJRDNAewM10,2
253,rmb4PG9gx1ZqBE01,3
254,EYojLpzGVbzyJQvn,6
255,yqw50eNyEwOxNDGL,4
256,AgB6KR3Levd9Z1vJ,1
257,m4L326vrwE6elJxQ,4
258,QeREg30jMjAd0Vz4,5
259,Ak4LV2l6yNDrg9qw,5
260,gV57Wm5zvWdklYjz,4
261,AwQr1M3w8mMvV3p4,1
262,Q4mwVxpBOo7X2lb9,4
263,onayVzV3pWrpW3M8,3
264,GnyZMedmKQ4X78Wa,1
265,Da7ewlw4Ok1yvZmB,3
266,a7wRAnjb2znjOlxK,6
267,o4ya5j92g5GRxdw2,6
268,yqQ6m96rp09dn510,2
269,jwKJorl0yBrZX5N8,7
270,QoD6rWNN03WPbEBg,3
271,PzQk5poRMA7ERaBe,5
272,1p4MYbA1Y4bZzBQa,4
273,2Qw3PGwZJdqaZYbJ,6
274,Aa3kjzJmqZWveXqb,3
275,gxz7rWG7rVWj40vX,2
276,p7N2YgEKM18vwmLe,2
277,z7mQgkVYoz2vr4EG,6
278,4g7a3XELre5dYzr6,6
279,7ra3xZakjEqB1Al5,4
280,APj9roe8jKOwEDZl,5
281,wvMm1EAY0QeEAbN9,6
282,wZReL3b1lEQkrm2G,2
283,l7xALKEXZqjPaWQY,5
284,Egly7ZQvwdopGmYP,3
285,eg5G9xM8aZAmnKp1,3
286,dXogRAnyg1Q9lE3J,5
287,pnwa9PE5MbPB46O0,4
288,9vXy462Ej8V1kpWl,3
289,WKP7OnqzA2rxDA6J,2
290,3GZ48OAlG6mPMBKg,5
291,58nJwlYY8El6VX0E,2
292,aJmlqpLqaa8kn94P,5
293,1QBlwRo4Kd5v3Ogz,3
294,mJ9eZYnvvr5YGW2j,2
295,Kabe7EppYbMEj6O3,5
296,mV1dOAOE0Vq4DLJk,1
297,7nqEVPQ06ZkQ9w3a,4
298,mKyqZPM1AXPAQL08,6
299,OemQ7q2DLZMWnwzB,4
300,KyNxbYLE2Qzj3mPD,3
301,o5V0lPmGoorXnv4q,5
302,nvKNoAmxMvBW4kJr,4
303,0gmvwzMAYbz5We1E,4
304,5jLW0EWeoyg6NQo3,3
305,dr9xNYK006wykgXj,5
306,Mmz20GVDbqjEel51,3
307,qRlQo7ly3Zg9GVN2,4
308,DELmRj9Vvl346G50,6
309,YMBqRkzbbxGkX3zA,7
310,0W71ObElrz5VkdZw,2
311,2dpYQW4pzMWBxORA,2
312,dlyoVBZ5LR9J7QYW,6
313,bMrnX9xrVNp0lvx2,4
314,Kxj9rpMEA9pMmV8J,2
315,jpXleRQqrLR0aPwN,5
316,QWjwV5Xr3zEeKoDP,2
317,Kxb2JoGX50lzRDEq,7
318,8dXPM6JXj05qwjW0,3
319,qj8gk6qbN8R3DBdO,7
320,5xZ8YkbRqrkv1r4J,4
321,2NPz1Vz1AaKDLoGQ,5
322,8DLbw958mPv3xjVa,2
323,MX0JR5y11e5narO6,5
324,4QyYADMYXqPDP79G,3
325,9eDMvX85yLR3dGlE,2
326,b3EK7zNOVVAqmaOn,5
327,3EgqzplqPYDyGRVK,3
328,6qMK0QbqlAnWl2dN,3
329,Ap3E6Ljl0kWRavy4,4
330,nL9KYGXpz2G5mvDa,2
331,alye4Z3yz5ENvnXY,2
332,4G1xdE6J3gEeVJnv,5
333,mrlW4GBWMO6DABXx,4
334,jNMBy0rVVd0DnGK6,1
335,e6BxY8mAP38GyAQz,3
336,rBwRoXaBP6LM1pzP,2
337,PGmKQ0PqdLkXA9qE,5
338,B4A8p0WW1Q0xk92Y,6
339,JRZMbq2eOM189Qw4,3
340,N6R3Akx0zWk05oWp,4
341,PR31Yr7agDbJzaZX,4
342,lVPvMWVBKOW74ZEO,5
343,Bwo5pgJzV1ogxyeK,4
344,oX7ZVm05RPr9v0Aq,2
345,W6ljak9BpW0Z7ybg,4
346,pDNARk60aQwO9Qar,1
347,PnxGEed4JWezYdBg,5
348,V1QBpMj0vEwr2PGW,1
349,Gd2bxpQG0xR91VXD,2
350,6NKDrZDNWwayGO9j,3
351,kJRMlxA71OL5om49,5
352,Vqvyp1AGr7m58D4x,4
353,7qKmzkeMbmk5nOa0,1
354,8JeRLGmxlq0k0qZz,4
355,Le5bxBw5VpqZpGQ2,5
356,k8JRVodMrpKQp35q,5
357,ZeloJKzkEwVrLNYO,5
358,jwgy7YympQYMBQVx,5
359,qPAbaED3vDYkjZ0n,4
360,GM421LnWGWDaEPl9,3
361,PJ536E18n1D4Bd1r,4
362,4AqjP2LWpw3r73vB,4
363,l9X0ZO9AGrOg62RM,2
364,8qkMv7moe9b9AowY,5
365,JrYLpWRmryNm0xDP,5
366,xE8QMJxmLGMW6lZ4,4
367,1d29oEA95KEzAKlW,6
368,xJwr9glV6emG7b8o,5
369,NQV3J52PeYgbLm2w,5
370,lGB9advjJYjdbWrN,2
371,PagZ0KRaVNlY58kQ,3
372,9GMx01aQZx13E48l,5
373,ZmPRjkQ74Xeql71V,2
374,N5vEaB5gO5yDxRrl,3
375,8Nerw0xj58Ky5RVz,7
376,Oko9NEkexzJQKReX,1
377,0DB8zw67E9mZAPK2,4
378,QDqWpen1qakOLzd5,2
379,DLajEKM0gNPZGJeA,5
380,a3PrBbGBAXpL8mp0,5
381,vJK0DwMjZEm7gBQV,4
382,nRLeDl77Del5xpbY,9
383,xoJnvpa7LJNgyqKe,2
384,5yPVlxl9aDbK2L0r,6
385,l8KM7myrkvPLXpZx,5
386,2MdDGpm37Dr41nAY,6
387,1NqnrAB9bRd597x2,5
388,QPdr2B94VaEzZgoW,1
389,2yqlaY6LD9Q8xZj1,2
390,wX9ODedAaV5g8v26,4
391,6wGDKd79v0bnMzor,5
392,ZnYwpaZxEjW6Ke7k,3
393,Q0ELoRGG3X9Rg1GA,3
394,XjyWlpdZNZzY3O0N,5
395,AgvE8pa3Bvqezmo6,4
396,Z4pBaoQLj4Gz76KA,5
397,bejv8KjzaA7K0319,5
398,RZkbX2rypqWja9Bv,4
399,XRo0EdKqwD3zZBLr,9
400,GNLM7eW5J5wmlwRa,4
401,LBlWd64rqnMGv7kY,2
402,Yd7BeVPEJA0xlJwr,6
403,24ndeQw41nGqlPZ1,7
404,bvEWVnZdwJ8Lgkm2,3
405,2GJxeNazvlgZbqj6,9
406,ngRw8aKKdpaEmY3Q,3
407,Aqp2DjeEmwjEVZKo,4
408,Q1jMk7qjqXBnwoDR,3
409,2ZRmOxEWBVq546zY,5
410,b9Y3V7deAlgXolRd,1
411,vWwlyp5a4GpdxmBZ,2
412,J7gz8x0KJKn5y3MG,2
413,EqrX8mBXDZPMRKLz,1
414,OzlrV3GEOyn5DW1Y,3
415,qJjd9VmvDrgQMA1O,1
416,mpqkOe1L1wAaMRgE,4
417,Oxv502qrde8KmgVr,3
418,nLvm2gVnEdg7lzqX,2
419,naXZEREAWwR9Nl6x,8
420,yPzO2eJRrzeqnkEV,4
421,oR78lLNzN9LpgqNb,5
422,k9J7lEbPxBnVyj3D,5
423,7wmpbZzKRnaR4GvO,2
424,D8AZvkA5NXmkyEeO,5
425,3XKdxqvyNxO2vLD1,1
426,OkNQl0jqMveDx5Rv,5
427,7b4BZo0kwQYRmyJ0,3
428,jERG2g84xGgVyz6K,3
429,g9D5KEK9BQzOa8z0,3
430,wEZaqV15wMVGe1v6,4
431,J4K6gkq7wyqopOnQ,3
432,L4V537alj321eWz6,5
433,M87PjXJVWroXROWw,3
434,Zv4W9eak2QN1M5A7,5
435,x7wGEeYdBGD9aQ5X,4
436,GMKmXnYNgVRlyb6r,3
437,lPp65Z8gbEywqOnG,4
438,MZze6BkgGoBv5dEG,4
439,9wkjq8LdrAr84Y6g,5
440,RDqQa5nOVoX07Lk4,5
441,Nbng985Vjoa0Ze1X,2
442,0MQ4RYeKn7lryxGa,2
443,Z51jagNxqkWR2L0o,1
444,DpmEKQaW8X3PdZLo,1
445,3enxoqbomNMB97lW,3
446,KAMQan1jjab4rlgX,6
447,PbN9vQlbEORLmaxd,6
448,PZVjpGbPvyjgQErM,4
449,4QVGRaVGwydYE86n,4
450,oWkryLvyr0Jba1E5,1
451,Bp8QkGlv3E4mxvOP,1
452,jJOA5l9NyPEmVrPK,3
453,EapG7nvNNpn1PAdv,4
454,wgoa5OApGQey32ZM,1
455,MRwEk8RmvK2Y0P9N,4
456,3DnLz7g07mkQepaO,5
457,N640d1AGW8pyxWKn,1
458,5N1xXmGoy0mq2v08,6
459,WaekA0LbqwO6rpRG,4
460,r1av4JnM18dYGxAe,2
461,Zy3DkbY7MDd6Er7l,7
462,6NWOjmXPkxmbaw73,3
463,jNQ9L7MjWLGebYM6,7
464,xDQAPjbY0Z5o3Lqg,7
465,nMvpK39bowVXYN9G,4
466,346j7Nq67nvXZR0m,4
467,l6NQwr8qzwZLGy92,9
468,Be937K2jdjKnoRW6,3
469,XQOrADNd8ePa71Ve,3
470,alK9yYKwJ3YgXqJW,4
471,okNGOMXqlJjnRarA,2
472,951zd63qryZAYBy7,1
473,lLVzNDy2BX1aO8wY,3
474,zvaOknzKbEVD2eME,3
475,5q2VK37925edBXb8,12
476,LR6Dn0DNJeGx39g8,3
477,6kj8RD7YQ4kwWlQy,3
478,JAqlnPX1QmZ8pQ5V,2
479,dqEQWNwAYEr4Mk3e,5
480,62QyANzLydvMzVgm,3
481,3o9YZlRpm74nwDXx,4
