SELECT final_time.subscriber,
       pcod
FROM (SELECT subscriber_locs.subscriber,
             time,
             pcod,
             row_number() OVER (PARTITION BY subscriber_locs.subscriber
                                ORDER BY time DESC) AS rank
      FROM (SELECT l.subscriber,
                   l.time,
                   l.location_id,
                   sites.pcod
            FROM (SELECT subscriber,
                         datetime AS time,
                         location_id
                  FROM (SELECT datetime,
                               location_id,
                               subscriber
                        FROM (SELECT datetime,
                                     location_id,
                                     msisdn AS subscriber
                              FROM events.calls
                              WHERE (datetime >= '2016-01-05'::timestamptz)
                                AND (datetime <= '2016-01-06'::timestamptz)
                                AND ((   (EXTRACT(HOUR FROM datetime) >= 22)
                                      OR (EXTRACT(HOUR FROM datetime) < 6)))) AS ss
                             INNER JOIN (SELECT *
                                         FROM ((VALUES ('dr9xNYK006wykgXj'))) AS tmp(subscriber)) AS subs USING (subscriber)) AS foo
                  WHERE location_id IS NOT NULL
                    AND (location_id <> '')) AS l
                 INNER JOIN (SELECT location_id,
                                    version,
                                    date_of_first_service,
                                    date_of_last_service,
                                    admin3pcod AS pcod
                             FROM (SELECT locinfo.id AS location_id,
                                          locinfo.version,
                                          locinfo.date_of_first_service,
                                          locinfo.date_of_last_service,
                                          polygon.admin3pcod
                                   FROM infrastructure.cells AS locinfo
                                        INNER JOIN geography.admin3 AS polygon ON st_within(locinfo.geom_point::geometry,
                                                                                            st_setsrid(polygon.geom, 4326)::geometry)) AS map) AS sites ON (l.location_id = sites.location_id)
                                                                                                                                                       AND l.time::date BETWEEN COALESCE(sites.date_of_first_service,
                                                                                                                                                                                         '-infinity'::timestamptz)
                                                                                                                                                                            AND COALESCE(sites.date_of_last_service,
                                                                                                                                                                                         'infinity'::timestamptz)) AS subscriber_locs) AS final_time
WHERE rank = 1