SELECT final_time.subscriber,
       pcod
FROM (SELECT subscriber_locs.subscriber,
             time,
             pcod,
             row_number() OVER (PARTITION BY subscriber_locs.subscriber
                                ORDER BY time DESC) AS rank
      FROM (SELECT l.subscriber,
                   l.time,
                   l.location_id,
                   sites.pcod
            FROM (SELECT subscriber,
                         datetime AS time,
                         location_id
                  FROM (SELECT events.calls.datetime,
                               events.calls.location_id,
                               events.calls.msisdn AS subscriber
                        FROM events.calls
                        WHERE (events.calls.datetime >= '2016-01-01 00:00:00')
                          AND (events.calls.datetime <= '2016-01-02 00:00:00')

                        UNION ALL

                        SELECT events.sms.datetime,
                               events.sms.location_id,
                               events.sms.msisdn AS subscriber
                        FROM events.sms
                        WHERE (events.sms.datetime >= '2016-01-01 00:00:00')
                          AND (events.sms.datetime <= '2016-01-02 00:00:00')) AS foo
                  WHERE location_id IS NOT NULL
                    AND (location_id <> '')) AS l
                 INNER JOIN (SELECT location_id,
                                    version,
                                    date_of_first_service,
                                    date_of_last_service,
                                    admin3pcod AS pcod
                             FROM (SELECT locinfo.id AS location_id,
                                          locinfo.version,
                                          locinfo.date_of_first_service,
                                          locinfo.date_of_last_service,
                                          polygon.admin3pcod
                                   FROM infrastructure.cells AS locinfo
                                        INNER JOIN geography.admin3 AS polygon ON st_within(locinfo.geom_point::geometry,
                                                                                            st_setsrid(polygon.geom, 4326)::geometry)) AS map) AS sites ON (l.location_id = sites.location_id)
                                                                                                                                                       AND l.time::date BETWEEN COALESCE(sites.date_of_first_service,
                                                                                                                                                                                         '-infinity'::timestamptz)
                                                                                                                                                                            AND COALESCE(sites.date_of_last_service,
                                                                                                                                                                                         'infinity'::timestamptz)) AS subscriber_locs) AS final_time
WHERE rank = 1