,subscriber,pcod
0,038OVABN11Ak4W5P,524 4 12 62
1,09NrjaNNvDanD8pk,524 3 08 43
2,0ayZGYEQrqYlKw6g,524 1 01 04
3,0DB8zw67E9mZAPK2,524 4 10 52
4,0Gl95NRLjW2aw8pW,524 5 13 71
5,0gmvwzMAYbz5We1E,524 5 13 67
6,0MQ4RYeKn7lryxGa,524 4 10 53
7,0NVaL8k1nwRwOmlg,524 3 09 50
8,0W71ObElrz5VkdZw,524 4 10 52
9,0Ze1l70j0LNgyY4w,524 1 02 09
10,0zqZPERbraE8NM4W,524 3 08 44
11,148ZaRZe54wPGQ9r,524 3 09 50
12,1d29oEA95KEzAKlW,524 4 12 62
13,1jwYL3Nl1Y46lNeQ,524 3 08 44
14,1NqnrAB9bRd597x2,524 3 09 51
15,1p4MYbA1Y4bZzBQa,524 3 09 49
16,1QBlwRo4Kd5v3Ogz,524 4 10 52
17,1vGR8kp342yxEpwY,524 4 10 54
18,24ndeQw41nGqlPZ1,524 3 08 43
19,2dpYQW4pzMWBxORA,524 2 04 20
20,2Dq97XmPqvL6noGk,524 3 09 50
21,2GJxeNazvlgZbqj6,524 3 07 37
22,2MdDGpm37Dr41nAY,524 3 09 51
23,2NPz1Vz1AaKDLoGQ,524 4 12 62
24,2PjYkGv6ARGqQ67p,524 2 04 20
25,2Qw3PGwZJdqaZYbJ,524 3 08 44
26,2vmOlAENnxpPM1xX,524 2 05 29
27,2yqlaY6LD9Q8xZj1,524 3 07 37
28,2ZdMowMXoyMByY07,524 3 09 50
29,2ZRmOxEWBVq546zY,524 4 12 62
30,346j7Nq67nvXZR0m,524 4 11 58
31,37J9rKydzJ0mvo0z,524 4 12 62
32,3DnLz7g07mkQepaO,524 2 05 29
33,3EgqzplqPYDyGRVK,524 3 08 44
34,3enxoqbomNMB97lW,524 4 12 66
35,3GZ48OAlG6mPMBKg,524 4 10 53
36,3o9YZlRpm74nwDXx,524 2 05 24
37,3x5BKX29EzQVDbJy,524 3 07 37
38,3XKdxqvyNxO2vLD1,524 4 12 62
39,4587JeOdRBEW96K1,524 4 12 66
40,49x6bnGG8mnWMy87,524 3 08 44
41,4AqjP2LWpw3r73vB,524 5 14 73
42,4dqenN2oQZExwEK2,524 4 11 57
43,4G1xdE6J3gEeVJnv,524 4 10 54
44,4g7a3XELre5dYzr6,524 4 12 62
45,4oLKbnxm3vXqjMVx,524 3 07 37
46,4pQo67v0PWyLdYKO,524 5 13 67
47,4PWQE7lNA25NYV6p,524 4 11 57
48,4QVGRaVGwydYE86n,524 4 10 52
49,4QyYADMYXqPDP79G,524 3 08 44
50,4ZpLvnNZArnNae9R,524 1 02 09
51,4ZVwldpn4QXDN0OY,524 3 09 49
52,58nJwlYY8El6VX0E,524 4 10 54
53,5jLW0EWeoyg6NQo3,524 1 02 09
54,5KaRV2B36vpNoybG,524 1 01 04
55,5Kgwy8Gp6DlN3Eq9,524 3 09 49
56,5N1xXmGoy0mq2v08,524 2 05 24
57,5oDLGWg9lBeQRP9d,524 5 14 72
58,5Q0lndPxZYdZGMO8,524 3 08 44
59,5q2VK37925edBXb8,524 1 01 04
60,5vwqabdVV1lZyLBE,524 1 02 09
61,5xZ8YkbRqrkv1r4J,524 4 11 58
62,5yPVlxl9aDbK2L0r,524 4 12 62
63,5zgW0QZlRLvwrLJo,524 1 02 09
64,62QyANzLydvMzVgm,524 5 14 73
65,6ALdEroGZZrjqbgl,524 2 04 20
66,6kj8RD7YQ4kwWlQy,524 2 05 24
67,6NKDrZDNWwayGO9j,524 4 12 66
68,6NWOjmXPkxmbaw73,524 4 10 54
69,6nYkgBqZNo5KG7N4,524 5 13 71
70,6qMK0QbqlAnWl2dN,524 4 10 54
71,6v9YyNx3r7zb3kO8,524 4 10 53
72,6wGDKd79v0bnMzor,524 1 02 09
73,6zm4b7veY2ljEQ95,524 5 13 71
74,7b4BZo0kwQYRmyJ0,524 1 02 09
75,7dePlr8JjqRQ9vGz,524 3 08 44
76,7JyRXDKdd4gnwq0d,524 2 05 24
77,7lNP0mDOAK3xKWv4,524 1 01 04
78,7nqEVPQ06ZkQ9w3a,524 3 09 50
79,7nWrYGEd029zJ02M,524 2 04 20
80,7qKmzkeMbmk5nOa0,524 5 14 73
81,7ra3xZakjEqB1Al5,524 3 08 43
82,7wmpbZzKRnaR4GvO,524 5 13 71
83,7XebRKr35JMJnq8A,524 4 12 63
84,81B6q0K8k325XWmn,524 1 03 13
85,83Kywz7PZqjMPJpR,524 1 03 13
86,87mobXjNNDVX51ML,524 4 10 54
87,8b6qy2aDVmjlaogE,524 4 10 54
88,8bGZXqJXP1Jgr1EM,524 3 09 50
89,8br1gO32xWXxjY0R,524 2 05 24
90,8DLbw958mPv3xjVa,524 2 05 24
91,8dpPLR15XwR7jQyN,524 5 13 71
92,8dXPM6JXj05qwjW0,524 4 12 62
93,8e4zNGWqVArxE2Zo,524 1 03 13
94,8GkR7zbjLezebY5E,524 4 11 57
95,8gQ13KpqedDJO4aE,524 3 08 44
96,8JeRLGmxlq0k0qZz,524 4 12 62
97,8lo9EgjnyjgKO7vL,524 5 14 73
98,8Nerw0xj58Ky5RVz,524 1 01 04
99,8qkMv7moe9b9AowY,524 3 08 43
100,8rxEQOL3ePZdAe1z,524 4 12 66
101,951zd63qryZAYBy7,524 4 12 66
102,9eDMvX85yLR3dGlE,524 3 08 43
103,9GMx01aQZx13E48l,524 4 12 62
104,9vXy462Ej8V1kpWl,524 4 11 57
105,9wkjq8LdrAr84Y6g,524 4 12 66
106,a0ZQeXdY48Wg5bkw,524 3 09 50
107,a3PrBbGBAXpL8mp0,524 2 05 24
108,A42Xl6GzjBqMODyz,524 4 11 57
109,a76Ajyb9dmEYNd8L,524 5 14 72
110,a7wRAnjb2znjOlxK,524 3 07 37
111,A8Y0ylLjaDDQwORD,524 3 08 43
112,Aa3kjzJmqZWveXqb,524 2 05 24
113,ABV1RygG9oyXoJ8j,524 4 10 53
114,AgB6KR3Levd9Z1vJ,524 4 12 63
115,AgvE8pa3Bvqezmo6,524 4 12 62
116,aJmlqpLqaa8kn94P,524 3 09 50
117,Ak4LV2l6yNDrg9qw,524 5 14 72
118,aK9GDX8nozb2RB67,524 2 05 29
119,alK9yYKwJ3YgXqJW,524 4 11 58
120,alye4Z3yz5ENvnXY,524 3 08 44
121,AMjGX58pWv5Ql2o6,524 5 14 73
122,amW6DwnDmbZ50xkO,524 3 08 43
123,Ap3E6Ljl0kWRavy4,524 5 13 71
124,APj9roe8jKOwEDZl,524 5 13 67
125,ApNYxdeQlEdm76ga,524 4 10 53
126,Aqp2DjeEmwjEVZKo,524 5 13 71
127,aroL1Ar5K1jK9G26,524 4 12 62
128,AwQr1M3w8mMvV3p4,524 4 10 52
129,AZj6MqBAryVyNRDo,524 3 08 44
130,b3EK7zNOVVAqmaOn,524 3 09 51
131,B4A8p0WW1Q0xk92Y,524 5 14 73
132,B4JG213EnO0bwXAN,524 4 12 66
133,B7blVrVn0br1zP3x,524 4 12 62
134,b9Y3V7deAlgXolRd,524 4 12 65
135,Bar6kR1QXKRlYn1J,524 4 12 66
136,Be937K2jdjKnoRW6,524 4 12 65
137,BebaVL8XZzLn18y2,524 2 05 29
138,bejv8KjzaA7K0319,524 5 14 72
139,BGXbdrXG9J2gVZoA,524 5 13 71
140,bjY7mMXxE3zMoelO,524 5 14 73
141,BKMy1nYEZpnoEA7G,524 3 08 44
142,bKZLwjrMQG7z468y,524 4 12 62
143,bMrnX9xrVNp0lvx2,524 1 02 09
144,Bn5kZrQ2WgEy14zN,524 3 09 49
145,BNxWrJ9mqMJ83Mzk,524 3 08 43
146,Bp8QkGlv3E4mxvOP,524 5 14 73
147,bvEWVnZdwJ8Lgkm2,524 5 14 72
148,BVYqp0ryO1oj1gRo,524 4 12 62
149,Bwo5pgJzV1ogxyeK,524 5 13 67
150,By4j6PKdB4NGMpxr,524 3 08 43
151,D6b8NwVBmmw5JzA1,524 2 04 20
152,D8AZvkA5NXmkyEeO,524 1 03 13
153,D9qXvyM1NbyxpdEm,524 4 10 53
154,Da7ewlw4Ok1yvZmB,524 2 04 20
155,DAlqeZENbeOn2vBw,524 3 09 49
156,DELmRj9Vvl346G50,524 3 08 44
157,dgz4WNZOAm5bmJ9M,524 4 12 66
158,DLajEKM0gNPZGJeA,524 4 12 62
159,dlyoVBZ5LR9J7QYW,524 4 12 62
160,dM4aLP8N97eYABwR,524 4 10 53
161,DpmEKQaW8X3PdZLo,524 5 14 73
162,dqEQWNwAYEr4Mk3e,524 1 01 04
163,dr9xNYK006wykgXj,524 4 12 62
164,dw0xVe5rw3gy14EL,524 3 08 43
165,dWE82PWRRkX5wr0b,524 1 01 04
166,DWV9mxjjvLxwnXyb,524 4 12 62
167,DX2eLoNWReGEPYnK,524 2 05 29
168,dXogRAnyg1Q9lE3J,524 3 09 49
169,DzpZJ2EaVQo2X5vM,524 4 11 57
170,E0LZAa7AyNd34Djq,524 4 10 53
171,E1n7JoqxPBjvR5Ve,524 3 08 43
172,e6BxY8mAP38GyAQz,524 1 03 13
173,E9nlO1dMyVAWr60X,524 2 05 24
174,Ea2DjkNvAvkp7OMe,524 1 03 13
175,EapG7nvNNpn1PAdv,524 4 11 57
176,ed57vNjYWoLxOBMl,524 3 08 44
177,EdWZO2dVLNRDMPlV,524 4 12 62
178,eg5G9xM8aZAmnKp1,524 2 04 20
179,Egly7ZQvwdopGmYP,524 3 09 49
180,eJ6vRwmbMEv5E7gq,524 1 02 09
181,EkpjZe5z37W70QKA,524 4 12 65
182,EqrX8mBXDZPMRKLz,524 5 13 71
183,EreGoBpxJOBNl392,524 1 02 09
184,EYojLpzGVbzyJQvn,524 4 12 62
185,G0VxgAwoOPAM685Q,524 4 12 66
186,G2DQzae1qOa48jK9,524 3 08 44
187,g9D5KEK9BQzOa8z0,524 4 11 57
188,Gd2bxpQG0xR91VXD,524 4 11 58
189,GJP3DWdGyb4QBnyo,524 3 08 44
190,gkBLe0mN5j3qmRpX,524 3 08 44
191,gKkzQLa0yZ6Mvonm,524 4 12 62
192,gKqw0y4RWwQApPrm,524 5 13 67
193,GM421LnWGWDaEPl9,524 4 12 63
194,GMKmXnYNgVRlyb6r,524 1 02 09
195,GNLM7eW5J5wmlwRa,524 3 08 44
196,GNmpb80ZawxQ7WOV,524 3 08 43
197,GnyZMedmKQ4X78Wa,524 3 07 37
198,gPDW4zr1YmVGqEAO,524 4 12 65
199,gPZ7jbqlnAXR3JG5,524 3 08 44
200,gQ0eDL57DgxKwqn8,524 5 13 71
201,gV57Wm5zvWdklYjz,524 3 08 44
202,gwAynWXp4eWvxGP7,524 4 12 65
203,gWPl7QBD8VnEyX8K,524 3 08 44
204,gWwV6lpVON7ryzDe,524 4 10 53
205,gWXN3Z5veAr162kw,524 3 08 43
206,GXd06jGNEamgBwr3,524 4 12 62
207,gxz7rWG7rVWj40vX,524 4 12 66
208,gz3o1Zr6yJZnOYr9,524 5 14 72
209,gZPKMqedeKrQ72pn,524 1 03 13
210,J0Yyqw2rkVEwpMG2,524 3 09 51
211,J4K6gkq7wyqopOnQ,524 1 03 13
212,j6QYNbMJgAwlVORP,524 1 03 13
213,J7gz8x0KJKn5y3MG,524 3 09 51
214,JAqlnPX1QmZ8pQ5V,524 5 14 73
215,jERG2g84xGgVyz6K,524 3 09 50
216,jJOA5l9NyPEmVrPK,524 5 14 72
217,JN6WPrJPeKV1lx3q,524 5 14 72
218,JNK7mk5G1Dy6M2Ya,524 2 05 29
219,jNMBy0rVVd0DnGK6,524 4 12 66
220,jNQ9L7MjWLGebYM6,524 3 08 44
221,JO3QBk9PmjoMmge6,524 3 08 44
222,jPk9xAzO70rR1bBe,524 4 11 57
223,jpXleRQqrLR0aPwN,524 2 04 20
224,JrYLpWRmryNm0xDP,524 3 08 43
225,JRZMbq2eOM189Qw4,524 4 12 63
226,jW09JkYPjv6zmKP8,524 4 10 52
227,jwgy7YympQYMBQVx,524 1 03 13
228,jwKJorl0yBrZX5N8,524 5 13 71
229,jWlyLwbGdvKV35Mm,524 2 05 24
230,jWXpmeg35Ye3ByoJ,524 3 08 44
231,JZoaw2jzvK2QMKYX,524 5 14 72
232,k8JRVodMrpKQp35q,524 3 08 44
233,k9J7lEbPxBnVyj3D,524 3 09 49
234,ka54Xb0N4x9LqPnE,524 4 10 53
235,Kabe7EppYbMEj6O3,524 4 11 58
236,KAMQan1jjab4rlgX,524 4 11 57
237,KAygLZgx8oAeJz8Y,524 3 08 44
238,KD1ro51Yo6o5vg6n,524 5 14 73
239,kjGXLy9lWnZ4V6J7,524 4 12 62
240,kJRMlxA71OL5om49,524 2 05 29
241,KM4YzL5aPRL59dRy,524 3 08 44
242,KmdyQlgVyQjDWvJN,524 3 08 44
243,kmR2eMYzRbAW8r4Q,524 3 07 37
244,kq7DLQar1nw2glYN,524 5 14 73
245,kw0rRZVr2vZB2zWl,524 4 12 66
246,Kxb2JoGX50lzRDEq,524 4 10 52
247,Kxj9rpMEA9pMmV8J,524 1 02 09
248,KXVqP6JyVDGzQa3b,524 1 01 04
249,KyNxbYLE2Qzj3mPD,524 5 13 71
250,KyonmeOzDkEN40qP,524 4 12 65
251,kYp5Xor8eGQ0DBZL,524 5 14 73
252,l2RN3b7WRl2b1V8P,524 3 09 51
253,L4V537alj321eWz6,524 3 08 44
254,l6NQwr8qzwZLGy92,524 5 13 67
255,l7xALKEXZqjPaWQY,524 5 14 73
256,l81xEJB2XdJWNedP,524 3 08 44
257,l8KM7myrkvPLXpZx,524 4 11 57
258,l9X0ZO9AGrOg62RM,524 2 04 20
259,LBlWd64rqnMGv7kY,524 4 10 54
260,lDv0jon4AyqL4byn,524 1 02 09
261,Le5bxBw5VpqZpGQ2,524 2 05 29
262,lGB9advjJYjdbWrN,524 3 08 44
263,LjDxeZEREElG7m0r,524 4 12 62
264,lkPBK9BmJMpvMWnb,524 3 09 49
265,lLVzNDy2BX1aO8wY,524 4 10 53
266,lMPW3K768jbgyRvo,524 4 11 58
267,Ln4ly8DYR6wzWDMo,524 4 12 63
268,LnKG6xoRJ0X1wm7Y,524 3 09 50
269,lPp65Z8gbEywqOnG,524 5 13 71
270,LqgwYrR7ZZp5xGK1,524 3 09 51
271,lqOknAJRDNAewM10,524 4 12 65
272,LR6Dn0DNJeGx39g8,524 4 12 63
273,lRjYnM34X5AXBGrz,524 4 12 62
274,lVPvMWVBKOW74ZEO,524 4 12 65
275,M0pdYQAADkQXP9Vy,524 1 02 09
276,m4L326vrwE6elJxQ,524 4 12 62
277,m51bzWYMxKWLJy2V,524 3 09 51
278,M60LdelQ6ROXRJ3P,524 3 08 43
279,M87PjXJVWroXROWw,524 3 08 44
280,M9GgmAJX2g75aK2N,524 1 03 13
281,M9YvRrkbpeZ052yj,524 3 08 43
282,Ma0Xv1XJxE2JV7r8,524 3 09 49
283,mJ9eZYnvvr5YGW2j,524 1 02 09
284,mkqQ4NPBPQLapbeg,524 4 12 62
285,mKyqZPM1AXPAQL08,524 3 08 44
286,MLo57YoM963gRQe1,524 4 10 53
287,Mmz20GVDbqjEel51,524 4 12 65
288,MobnrVMDK24wPRzB,524 3 08 43
289,mpqkOe1L1wAaMRgE,524 3 08 44
290,mqP6d9k5nR21oaeb,524 1 02 09
291,mrlW4GBWMO6DABXx,524 1 01 04
292,MRwEk8RmvK2Y0P9N,524 3 09 50
293,mV1dOAOE0Vq4DLJk,524 4 12 65
294,MX0JR5y11e5narO6,524 1 03 13
295,MXLPGvyz63An4bE1,524 4 11 58
296,MZze6BkgGoBv5dEG,524 3 08 43
297,N5lAaO2KM31PRzp6,524 1 03 13
298,N5vEaB5gO5yDxRrl,524 4 12 62
299,N640d1AGW8pyxWKn,524 4 11 57
300,N6R3Akx0zWk05oWp,524 4 12 62
301,NA7D19MmEm9gkK5R,524 3 08 43
302,nAELXw76mverkmqZ,524 3 08 43
303,naXZEREAWwR9Nl6x,524 4 12 65
304,nB4qp1mVza9bWY0E,524 4 10 53
305,Nbng985Vjoa0Ze1X,524 4 12 62
306,NBpb54xVMEw1Yqza,524 4 10 54
307,NejWvxnkxjlXpJgQ,524 4 11 58
308,NeRzMVGy2MEvgjDZ,524 3 07 37
309,NG1km5NzBg5JD8nj,524 1 02 09
310,ngRw8aKKdpaEmY3Q,524 4 10 54
311,nGXqgLRgBKlRd79W,524 4 12 63
312,nJLe9jzo96KVAXN7,524 5 13 71
313,nL9KYGXpz2G5mvDa,524 3 09 50
314,nLvm2gVnEdg7lzqX,524 5 14 73
315,nMvpK39bowVXYN9G,524 3 09 51
316,Nnlqka1oevEMvVrm,524 3 09 49
317,NOXLME8YWo09J6oY,524 1 03 13
318,NQV3J52PeYgbLm2w,524 4 12 63
319,nRLeDl77Del5xpbY,524 4 12 63
320,nvKNoAmxMvBW4kJr,524 5 13 67
321,NvzxDwNZo0wleBg5,524 3 09 51
322,nX89Y35pYvqAVvpD,524 4 12 63
323,NYdrjyrdMdZDmXok,524 4 10 52
324,NzlPGkByB5jqBJ1v,524 3 08 44
325,o1Rwj2XPYo2E05KP,524 5 14 72
326,O2oGlMjNX7MpwV43,524 4 12 65
327,o4ya5j92g5GRxdw2,524 3 08 44
328,o5V0lPmGoorXnv4q,524 3 08 43
329,O8a7ADMbbmv0QkbV,524 3 08 44
330,oanJmEDrLxpbVPzM,524 5 14 73
331,OBwVW2WZNdMrEv7Q,524 4 12 63
332,OdM7np8LYEp1mkvP,524 5 14 73
333,OemQ7q2DLZMWnwzB,524 3 08 43
334,okNGOMXqlJjnRarA,524 4 12 66
335,OkNQl0jqMveDx5Rv,524 4 12 65
336,Oko9NEkexzJQKReX,524 4 12 63
337,oL13aVowaNpVk2np,524 1 03 13
338,oLkvlE7D98R6XK0z,524 3 08 44
339,onayVzV3pWrpW3M8,524 4 11 57
340,oq936AVWZRzYWPrZ,524 5 13 67
341,oqNR8gkbv6e4K97z,524 3 07 37
342,oQOm1YkDxljp3AVL,524 4 11 58
343,oR78lLNzN9LpgqNb,524 2 05 24
344,oWkryLvyr0Jba1E5,524 3 08 44
345,oX6kEmV5yyb0xq3M,524 3 08 44
346,oX7ZVm05RPr9v0Aq,524 3 08 43
347,Oxv502qrde8KmgVr,524 4 12 62
348,OzlrV3GEOyn5DW1Y,524 3 08 43
349,P5Bwzx72E80Dno21,524 5 14 73
350,p6alg5rYl14BG2nL,524 3 07 37
351,P7kMZxeEOzxr2Wg1,524 3 09 50
352,p7N2YgEKM18vwmLe,524 4 12 65
353,p8oPjnDRq0M2wJW0,524 3 08 43
354,P8RpJMqGpexyOl2o,524 1 02 09
355,PagZ0KRaVNlY58kQ,524 3 08 43
356,pB8g1y7jQEZO734d,524 4 10 54
357,PbN9vQlbEORLmaxd,524 4 10 52
358,pd0bV8W1z4kJzgv5,524 4 12 66
359,pD0me6Do0dNE1nYZ,524 5 13 67
360,pDNARk60aQwO9Qar,524 2 05 29
361,pdrXzZj2DkZLJvbk,524 3 09 49
362,PeJKXdZRoadyEMaj,524 3 09 49
363,peMgdn594XnNO4bK,524 3 08 43
364,PGmKQ0PqdLkXA9qE,524 5 14 73
365,PJ536E18n1D4Bd1r,524 5 13 67
366,pnwa9PE5MbPB46O0,524 1 03 13
367,PnxGEed4JWezYdBg,524 4 11 58
368,poXqlQOnjlJ5EZMj,524 4 12 63
369,Pq0xpgkyDrY6kmDy,524 4 12 66
370,PR31Yr7agDbJzaZX,524 2 05 24
371,PWlZ8Q5zjYkGJzXg,524 3 08 44
372,pxgnQqP14BVkLM6o,524 3 08 44
373,PzQk5poRMA7ERaBe,524 1 02 09
374,PZVjpGbPvyjgQErM,524 3 08 44
375,Q0ELoRGG3X9Rg1GA,524 5 14 73
376,Q1jMk7qjqXBnwoDR,524 5 13 67
377,Q3xOLdlXJ4dMB7R1,524 4 12 62
378,Q4mwVxpBOo7X2lb9,524 3 08 44
379,q4rpo9aoJR3BbvWl,524 2 05 29
380,Q5wy089DDNQG4AEX,524 5 13 71
381,Q7lRVD4YY1xawymG,524 5 14 72
382,QDqWpen1qakOLzd5,524 1 02 09
383,QEoRM9vlkV18N4ZY,524 3 08 44
384,QeREg30jMjAd0Vz4,524 3 09 49
385,qEzo57xNeXjLBDeX,524 5 14 73
386,qj8gk6qbN8R3DBdO,524 4 12 62
387,qJjd9VmvDrgQMA1O,524 3 08 43
388,QK78nqVO0o21VGB0,524 3 08 43
389,QoD6rWNN03WPbEBg,524 3 09 50
390,qPAbaED3vDYkjZ0n,524 3 09 49
391,QPdr2B94VaEzZgoW,524 5 13 71
392,qPorDyvDD8RmgnL0,524 3 09 51
393,QrAlXqDbXDkNJe3E,524 1 02 09
394,qRlQo7ly3Zg9GVN2,524 3 08 43
395,QWAjL9Nbyx95moq7,524 4 11 58
396,QWjwV5Xr3zEeKoDP,524 4 10 53
397,QWZzERBdXVM0GKXd,524 1 03 13
398,r1av4JnM18dYGxAe,524 3 08 43
399,RB4gWNwl4D8exP7l,524 3 07 37
400,rBwRoXaBP6LM1pzP,524 1 02 09
401,RDqQa5nOVoX07Lk4,524 3 08 43
402,rG5oYMVaBj42Oa6L,524 3 09 49
403,RGkzrL0JYKb2gPqW,524 4 10 54
404,rJeX25p8mn5Qwqmd,524 1 01 04
405,RkdLwPWLboQ2WvX4,524 3 09 51
406,rmb4PG9gx1ZqBE01,524 4 11 58
407,RnAv0YjPnW68x9wr,524 2 05 24
408,Rv8rPlM4wp54q7QZ,524 4 12 63
409,RZkbX2rypqWja9Bv,524 5 13 71
410,Rzx9WE1QRqdEX2Gp,524 5 14 73
411,self_caller,524 3 08 44
412,V1QBpMj0vEwr2PGW,524 4 12 63
413,v3kQyzZNRNAz5lbZ,524 1 02 09
414,V4DJ7AaxLLOyWEZ3,524 4 12 65
415,V7MBRewnwQGE91gY,524 3 09 49
416,vBR2gwl2B0nDJob5,524 4 12 62
417,VGYEqRGVxVQl7JZO,524 3 08 44
418,VgzRWn82MdlbXkyO,524 4 10 53
419,vJK0DwMjZEm7gBQV,524 5 14 72
420,vJrRPQRm1lEma2KO,524 5 13 67
421,vKVLDx8koQWZ2ez0,524 2 05 24
422,VkzMxYjv7mYn53oK,524 3 09 50
423,vOGRpPpAArjBQZ9y,524 5 13 67
424,Vqjp2yxLk8yebXmP,524 3 08 43
425,Vqvyp1AGr7m58D4x,524 5 13 67
426,Vqy0OnN9P6lYgAze,524 4 11 58
427,vWwlyp5a4GpdxmBZ,524 3 09 49
428,w1N59Jo07vbgrKae,524 3 08 44
429,W2VRAqvL4OM1xZEO,524 2 04 20
430,w2YgmOPlr2O5x3VJ,524 1 02 09
431,W6ljak9BpW0Z7ybg,524 4 11 58
432,W6PRYNgyW89eZ8A1,524 4 12 66
433,W8eEBvV6P8Jv01XZ,524 3 08 44
434,WaekA0LbqwO6rpRG,524 1 01 04
435,WdBX5pVBE2pynxPQ,524 3 09 50
436,wEZaqV15wMVGe1v6,524 1 03 13
437,wgoa5OApGQey32ZM,524 4 11 58
438,WKP7OnqzA2rxDA6J,524 5 14 72
439,WkYAGXV6A1XOxg8o,524 1 01 04
440,Wm2PbGlxP7GAzvVn,524 3 07 37
441,wMbWOpJOk0GmZvLD,524 3 08 43
442,woOyJvzKBALYj8za,524 4 12 62
443,wrmEaJ9prNvyV4zL,524 3 08 44
444,wvMm1EAY0QeEAbN9,524 4 11 57
445,wX9ODedAaV5g8v26,524 4 12 63
446,wynMvOdqX6Eo9PmR,524 4 12 66
447,wyrgMxBzzMxQVj83,524 4 11 57
448,wZReL3b1lEQkrm2G,524 4 10 53
449,X12gvGBdjp7E3Pbj,524 1 03 13
450,X2GyrjgBPNJpveaZ,524 5 13 71
451,X47N9O28wGd6Mneo,524 3 08 44
452,x7wGEeYdBGD9aQ5X,524 3 07 37
453,X809mynDXN621PoN,524 1 03 13
454,x8o7D2Ax8Lg5Y0MB,524 5 13 67
455,xDQAPjbY0Z5o3Lqg,524 3 08 44
456,xE8QMJxmLGMW6lZ4,524 2 04 20
457,xJwr9glV6emG7b8o,524 4 12 62
458,XjyWlpdZNZzY3O0N,524 4 10 52
459,xkZb5E55LYE10wa4,524 5 13 71
460,xN4XQEa6JZJvkeAj,524 4 10 52
461,xoJnvpa7LJNgyqKe,524 3 08 44
462,XQOrADNd8ePa71Ve,524 4 12 66
463,XRo0EdKqwD3zZBLr,524 4 12 62
464,XWRldepdNlegN3Zo,524 3 08 44
465,y2MZGq0N6370KXoz,524 4 10 52
466,Y8lvgqN0n75GQwk7,524 3 09 50
467,ya9DBmDpJNm25lP1,524 1 02 09
468,Yd7BeVPEJA0xlJwr,524 5 14 72
469,ye8jQ0ovnGd9GlJa,524 4 10 52
470,YeqxBmVgL1EnONv8,524 4 10 53
471,YGE2AwGPPEa86kq9,524 3 08 44
472,YK6z2lXzg7w57Vap,524 5 14 73
473,YMBqRkzbbxGkX3zA,524 5 14 73
474,YNv2EgDJxxAoy0Gr,524 5 13 67
475,yObw75JkAZ0vKRlz,524 4 12 66
476,yPzO2eJRrzeqnkEV,524 4 10 52
477,yqQ6m96rp09dn510,524 1 02 09
478,yqw50eNyEwOxNDGL,524 4 12 62
479,YR920VxJq5PNQBAG,524 5 13 67
480,YxDnjbQ4E9pVK4A6,524 4 12 62
481,yYbzQ46yEx93D7je,524 1 01 04
482,Z4pBaoQLj4Gz76KA,524 3 08 44
483,Z51jagNxqkWR2L0o,524 4 11 57
484,z7mQgkVYoz2vr4EG,524 2 05 29
485,Z89mWDgZrr3qpnlB,524 4 12 63
486,ZEjaJ0lkr19vYWRB,524 2 04 20
487,ZeloJKzkEwVrLNYO,524 3 07 37
488,zGWn8opVmOQAD6xY,524 3 09 49
489,zj9KZblppy6byEDg,524 4 11 57
490,ZM3zYAPqx95Rw15J,524 3 08 44
491,ZmPRjkQ74Xeql71V,524 2 04 20
492,ZnYwpaZxEjW6Ke7k,524 4 12 62
493,ZQbqE6Kw4d6WRnm2,524 3 08 43
494,ZQG8glazmxYa1K62,524 4 10 53
495,Zv4W9eak2QN1M5A7,524 3 08 44
496,zvaOknzKbEVD2eME,524 2 04 20
497,Zy3DkbY7MDd6Er7l,524 3 09 50
498,ZYPxqVGLzlQy6l7n,524 4 12 62
