,subscriber,pcod
0,8Nerw0xj58Ky5RVz,524 2 05 24
1,8rxEQOL3ePZdAe1z,524 3 09 51
2,9eDMvX85yLR3dGlE,524 2 05 29
3,aK9GDX8nozb2RB67,524 3 09 50
4,Be937K2jdjKnoRW6,524 4 11 58
5,dqEQWNwAYEr4Mk3e,524 5 13 67
6,EdWZO2dVLNRDMPlV,524 1 03 13
7,M60LdelQ6ROXRJ3P,524 3 09 51
8,mV1dOAOE0Vq4DLJk,524 3 09 50
9,VkzMxYjv7mYn53oK,524 1 02 09
10,X809mynDXN621PoN,524 3 08 44
11,yPzO2eJRrzeqnkEV,524 3 09 49
