,subscriber,pcod
0,2GJxeNazvlgZbqj6,524 2 05
1,7qKmzkeMbmk5nOa0,524 5 13
2,8dpPLR15XwR7jQyN,524 3 08
