,subscriber,pcod
0,038OVABN11Ak4W5P,524 4 12 65
1,09NrjaNNvDanD8pk,524 4 12 62
2,0ayZGYEQrqYlKw6g,524 3 09 51
3,0DB8zw67E9mZAPK2,524 4 12 62
4,0gmvwzMAYbz5We1E,524 4 12 62
5,0MQ4RYeKn7lryxGa,524 4 12 62
6,0Ze1l70j0LNgyY4w,524 5 13 71
7,148ZaRZe54wPGQ9r,524 5 14 73
8,1jwYL3Nl1Y46lNeQ,524 4 10 53
9,1NqnrAB9bRd597x2,524 4 11 58
10,1p4MYbA1Y4bZzBQa,524 4 12 62
11,1QBlwRo4Kd5v3Ogz,524 3 08 44
12,1vGR8kp342yxEpwY,524 2 05 29
13,2dpYQW4pzMWBxORA,524 4 11 58
14,2MdDGpm37Dr41nAY,524 2 05 29
15,2NPz1Vz1AaKDLoGQ,524 5 14 73
16,2vmOlAENnxpPM1xX,524 3 09 51
17,2yqlaY6LD9Q8xZj1,524 2 04 20
18,2ZdMowMXoyMByY07,524 4 11 57
19,37J9rKydzJ0mvo0z,524 4 12 62
20,3EgqzplqPYDyGRVK,524 3 08 44
21,3GZ48OAlG6mPMBKg,524 5 14 73
22,3x5BKX29EzQVDbJy,524 5 13 71
23,3XKdxqvyNxO2vLD1,524 4 12 62
24,49x6bnGG8mnWMy87,524 3 09 51
25,4G1xdE6J3gEeVJnv,524 3 08 43
26,4g7a3XELre5dYzr6,524 3 09 50
27,4oLKbnxm3vXqjMVx,524 4 11 57
28,4QVGRaVGwydYE86n,524 3 09 50
29,4QyYADMYXqPDP79G,524 2 04 20
30,4ZpLvnNZArnNae9R,524 5 14 73
31,58nJwlYY8El6VX0E,524 4 12 65
32,5jLW0EWeoyg6NQo3,524 1 02 09
33,5KaRV2B36vpNoybG,524 4 12 62
34,5Kgwy8Gp6DlN3Eq9,524 3 09 50
35,5N1xXmGoy0mq2v08,524 4 12 62
36,5oDLGWg9lBeQRP9d,524 1 01 04
37,5vwqabdVV1lZyLBE,524 3 07 37
38,5zgW0QZlRLvwrLJo,524 4 12 63
39,62QyANzLydvMzVgm,524 3 07 37
40,6NKDrZDNWwayGO9j,524 4 12 62
41,6NWOjmXPkxmbaw73,524 4 11 57
42,6nYkgBqZNo5KG7N4,524 3 07 37
43,6qMK0QbqlAnWl2dN,524 4 12 62
44,6v9YyNx3r7zb3kO8,524 3 09 50
45,6wGDKd79v0bnMzor,524 1 02 09
46,6zm4b7veY2ljEQ95,524 4 11 58
47,7nqEVPQ06ZkQ9w3a,524 2 04 20
48,7ra3xZakjEqB1Al5,524 3 08 43
49,81B6q0K8k325XWmn,524 1 03 13
50,87mobXjNNDVX51ML,524 4 12 63
51,8bGZXqJXP1Jgr1EM,524 4 10 54
52,8br1gO32xWXxjY0R,524 3 09 49
53,8DLbw958mPv3xjVa,524 2 05 29
54,8gQ13KpqedDJO4aE,524 2 05 24
55,8JeRLGmxlq0k0qZz,524 3 09 50
56,8Nerw0xj58Ky5RVz,524 5 14 72
57,9GMx01aQZx13E48l,524 5 14 72
58,9vXy462Ej8V1kpWl,524 2 05 24
59,9wkjq8LdrAr84Y6g,524 3 08 44
60,a3PrBbGBAXpL8mp0,524 4 10 52
61,A42Xl6GzjBqMODyz,524 4 10 52
62,a76Ajyb9dmEYNd8L,524 5 14 73
63,a7wRAnjb2znjOlxK,524 4 10 54
64,AgB6KR3Levd9Z1vJ,524 3 07 37
65,AgvE8pa3Bvqezmo6,524 4 12 63
66,aJmlqpLqaa8kn94P,524 2 05 29
67,Ak4LV2l6yNDrg9qw,524 4 12 62
68,aK9GDX8nozb2RB67,524 3 08 44
69,alK9yYKwJ3YgXqJW,524 4 11 58
70,ApNYxdeQlEdm76ga,524 3 08 44
71,Aqp2DjeEmwjEVZKo,524 2 04 20
72,AwQr1M3w8mMvV3p4,524 3 09 51
73,B4A8p0WW1Q0xk92Y,524 3 08 43
74,B7blVrVn0br1zP3x,524 3 08 43
75,b9Y3V7deAlgXolRd,524 4 12 62
76,Bar6kR1QXKRlYn1J,524 3 08 43
77,Be937K2jdjKnoRW6,524 3 09 51
78,BebaVL8XZzLn18y2,524 5 13 67
79,BKMy1nYEZpnoEA7G,524 3 08 44
80,bKZLwjrMQG7z468y,524 4 12 62
81,bMrnX9xrVNp0lvx2,524 3 08 44
82,BVYqp0ryO1oj1gRo,524 3 09 49
83,D6b8NwVBmmw5JzA1,524 5 14 73
84,D9qXvyM1NbyxpdEm,524 4 12 62
85,DELmRj9Vvl346G50,524 3 09 49
86,dgz4WNZOAm5bmJ9M,524 2 05 24
87,DLajEKM0gNPZGJeA,524 3 09 51
88,dlyoVBZ5LR9J7QYW,524 1 02 09
89,dM4aLP8N97eYABwR,524 4 12 63
90,DpmEKQaW8X3PdZLo,524 3 07 37
91,dr9xNYK006wykgXj,524 4 11 57
92,dWE82PWRRkX5wr0b,524 3 08 44
93,DWV9mxjjvLxwnXyb,524 3 07 37
94,dXogRAnyg1Q9lE3J,524 2 05 29
95,DzpZJ2EaVQo2X5vM,524 4 12 66
96,E0LZAa7AyNd34Djq,524 2 04 20
97,E1n7JoqxPBjvR5Ve,524 1 02 09
98,e6BxY8mAP38GyAQz,524 4 12 62
99,E9nlO1dMyVAWr60X,524 1 02 09
100,Ea2DjkNvAvkp7OMe,524 1 01 04
101,EapG7nvNNpn1PAdv,524 4 10 53
102,Egly7ZQvwdopGmYP,524 4 10 53
103,EkpjZe5z37W70QKA,524 4 12 62
104,EreGoBpxJOBNl392,524 1 03 13
105,EYojLpzGVbzyJQvn,524 1 03 13
106,G0VxgAwoOPAM685Q,524 3 07 37
107,G2DQzae1qOa48jK9,524 4 11 57
108,g9D5KEK9BQzOa8z0,524 3 08 44
109,Gd2bxpQG0xR91VXD,524 3 08 44
110,gKkzQLa0yZ6Mvonm,524 2 05 24
111,gKqw0y4RWwQApPrm,524 4 12 62
112,GM421LnWGWDaEPl9,524 1 02 09
113,GMKmXnYNgVRlyb6r,524 4 12 66
114,GNLM7eW5J5wmlwRa,524 3 09 50
115,GNmpb80ZawxQ7WOV,524 2 04 20
116,gPDW4zr1YmVGqEAO,524 4 12 62
117,gPZ7jbqlnAXR3JG5,524 1 02 09
118,gV57Wm5zvWdklYjz,524 1 03 13
119,gWPl7QBD8VnEyX8K,524 5 13 71
120,gWwV6lpVON7ryzDe,524 4 12 63
121,gWXN3Z5veAr162kw,524 2 05 24
122,GXd06jGNEamgBwr3,524 4 11 58
123,gxz7rWG7rVWj40vX,524 1 01 04
124,J0Yyqw2rkVEwpMG2,524 4 12 66
125,J4K6gkq7wyqopOnQ,524 4 12 62
126,J7gz8x0KJKn5y3MG,524 1 03 13
127,JAqlnPX1QmZ8pQ5V,524 5 13 71
128,jJOA5l9NyPEmVrPK,524 1 01 04
129,jNMBy0rVVd0DnGK6,524 3 08 43
130,jNQ9L7MjWLGebYM6,524 3 08 44
131,jPk9xAzO70rR1bBe,524 2 05 24
132,JrYLpWRmryNm0xDP,524 2 05 24
133,JRZMbq2eOM189Qw4,524 4 12 62
134,jW09JkYPjv6zmKP8,524 4 12 63
135,jwKJorl0yBrZX5N8,524 5 13 67
136,JZoaw2jzvK2QMKYX,524 4 12 62
137,Kabe7EppYbMEj6O3,524 3 08 43
138,KAMQan1jjab4rlgX,524 4 12 65
139,KD1ro51Yo6o5vg6n,524 4 12 66
140,kq7DLQar1nw2glYN,524 5 14 72
141,Kxb2JoGX50lzRDEq,524 2 05 29
142,Kxj9rpMEA9pMmV8J,524 2 04 20
143,KXVqP6JyVDGzQa3b,524 4 12 65
144,KyNxbYLE2Qzj3mPD,524 3 08 44
145,KyonmeOzDkEN40qP,524 3 08 43
146,l2RN3b7WRl2b1V8P,524 2 04 20
147,l7xALKEXZqjPaWQY,524 4 12 62
148,lDv0jon4AyqL4byn,524 4 10 52
149,Le5bxBw5VpqZpGQ2,524 3 08 44
150,lGB9advjJYjdbWrN,524 3 08 44
151,lkPBK9BmJMpvMWnb,524 3 07 37
152,lqOknAJRDNAewM10,524 4 11 58
153,LR6Dn0DNJeGx39g8,524 4 12 63
154,lVPvMWVBKOW74ZEO,524 3 09 50
155,M0pdYQAADkQXP9Vy,524 4 10 52
156,m4L326vrwE6elJxQ,524 4 10 53
157,M87PjXJVWroXROWw,524 4 11 57
158,M9YvRrkbpeZ052yj,524 4 12 66
159,mkqQ4NPBPQLapbeg,524 3 08 44
160,mKyqZPM1AXPAQL08,524 4 12 65
161,MLo57YoM963gRQe1,524 2 05 24
162,Mmz20GVDbqjEel51,524 4 12 62
163,mrlW4GBWMO6DABXx,524 4 12 65
164,MRwEk8RmvK2Y0P9N,524 4 12 62
165,MX0JR5y11e5narO6,524 3 09 50
166,MZze6BkgGoBv5dEG,524 2 05 24
167,N5lAaO2KM31PRzp6,524 4 12 62
168,N5vEaB5gO5yDxRrl,524 3 08 44
169,nAELXw76mverkmqZ,524 3 08 44
170,naXZEREAWwR9Nl6x,524 4 11 57
171,Nbng985Vjoa0Ze1X,524 4 12 62
172,NBpb54xVMEw1Yqza,524 1 02 09
173,NejWvxnkxjlXpJgQ,524 5 14 72
174,NeRzMVGy2MEvgjDZ,524 4 10 54
175,ngRw8aKKdpaEmY3Q,524 5 14 73
176,nGXqgLRgBKlRd79W,524 4 10 52
177,nL9KYGXpz2G5mvDa,524 4 10 53
178,nLvm2gVnEdg7lzqX,524 3 07 37
179,nMvpK39bowVXYN9G,524 4 12 65
180,NQV3J52PeYgbLm2w,524 3 08 44
181,NvzxDwNZo0wleBg5,524 3 08 43
182,nX89Y35pYvqAVvpD,524 2 04 20
183,NzlPGkByB5jqBJ1v,524 2 05 29
184,o4ya5j92g5GRxdw2,524 5 14 72
185,O8a7ADMbbmv0QkbV,524 4 12 62
186,OBwVW2WZNdMrEv7Q,524 3 09 49
187,OemQ7q2DLZMWnwzB,524 1 02 09
188,okNGOMXqlJjnRarA,524 3 09 50
189,OkNQl0jqMveDx5Rv,524 1 01 04
190,oL13aVowaNpVk2np,524 4 10 53
191,oLkvlE7D98R6XK0z,524 4 10 53
192,onayVzV3pWrpW3M8,524 3 08 43
193,oq936AVWZRzYWPrZ,524 3 08 44
194,oqNR8gkbv6e4K97z,524 3 09 51
195,oQOm1YkDxljp3AVL,524 3 08 44
196,oR78lLNzN9LpgqNb,524 1 01 04
197,oX6kEmV5yyb0xq3M,524 3 08 44
198,oX7ZVm05RPr9v0Aq,524 4 12 66
199,Oxv502qrde8KmgVr,524 4 11 57
200,OzlrV3GEOyn5DW1Y,524 4 12 66
201,P7kMZxeEOzxr2Wg1,524 2 04 20
202,p7N2YgEKM18vwmLe,524 5 14 72
203,P8RpJMqGpexyOl2o,524 4 11 57
204,pd0bV8W1z4kJzgv5,524 2 05 29
205,pdrXzZj2DkZLJvbk,524 3 07 37
206,peMgdn594XnNO4bK,524 3 08 44
207,PGmKQ0PqdLkXA9qE,524 3 09 49
208,PnxGEed4JWezYdBg,524 3 09 51
209,Pq0xpgkyDrY6kmDy,524 5 14 72
210,PR31Yr7agDbJzaZX,524 3 08 43
211,pxgnQqP14BVkLM6o,524 3 08 44
212,PzQk5poRMA7ERaBe,524 1 03 13
213,Q0ELoRGG3X9Rg1GA,524 2 04 20
214,Q1jMk7qjqXBnwoDR,524 4 12 63
215,Q3xOLdlXJ4dMB7R1,524 1 03 13
216,q4rpo9aoJR3BbvWl,524 4 12 62
217,Q7lRVD4YY1xawymG,524 4 12 62
218,QEoRM9vlkV18N4ZY,524 4 11 57
219,qEzo57xNeXjLBDeX,524 1 01 04
220,qJjd9VmvDrgQMA1O,524 5 14 72
221,QK78nqVO0o21VGB0,524 3 09 51
222,qPAbaED3vDYkjZ0n,524 4 12 62
223,QPdr2B94VaEzZgoW,524 4 10 54
224,qPorDyvDD8RmgnL0,524 4 10 52
225,QrAlXqDbXDkNJe3E,524 5 14 72
226,QWZzERBdXVM0GKXd,524 3 08 44
227,r1av4JnM18dYGxAe,524 3 08 44
228,RB4gWNwl4D8exP7l,524 4 12 62
229,rBwRoXaBP6LM1pzP,524 4 12 66
230,rG5oYMVaBj42Oa6L,524 3 09 51
231,RkdLwPWLboQ2WvX4,524 3 09 50
232,RnAv0YjPnW68x9wr,524 5 13 67
233,Rv8rPlM4wp54q7QZ,524 4 10 54
234,Rzx9WE1QRqdEX2Gp,524 3 08 44
235,v3kQyzZNRNAz5lbZ,524 4 10 52
236,V4DJ7AaxLLOyWEZ3,524 4 10 53
237,V7MBRewnwQGE91gY,524 2 05 29
238,vBR2gwl2B0nDJob5,524 4 11 57
239,VgzRWn82MdlbXkyO,524 4 12 62
240,vJK0DwMjZEm7gBQV,524 1 01 04
241,vKVLDx8koQWZ2ez0,524 4 10 52
242,VkzMxYjv7mYn53oK,524 4 10 53
243,vOGRpPpAArjBQZ9y,524 4 11 57
244,Vqy0OnN9P6lYgAze,524 2 04 20
245,vWwlyp5a4GpdxmBZ,524 4 11 58
246,w1N59Jo07vbgrKae,524 4 12 62
247,W2VRAqvL4OM1xZEO,524 3 08 43
248,W6PRYNgyW89eZ8A1,524 3 08 43
249,W8eEBvV6P8Jv01XZ,524 4 12 66
250,WaekA0LbqwO6rpRG,524 3 09 49
251,wgoa5OApGQey32ZM,524 4 12 62
252,WkYAGXV6A1XOxg8o,524 4 12 65
253,Wm2PbGlxP7GAzvVn,524 4 11 57
254,wMbWOpJOk0GmZvLD,524 4 12 62
255,woOyJvzKBALYj8za,524 2 05 29
256,wrmEaJ9prNvyV4zL,524 1 01 04
257,wX9ODedAaV5g8v26,524 4 10 54
258,wyrgMxBzzMxQVj83,524 4 12 62
259,wZReL3b1lEQkrm2G,524 4 12 62
260,X12gvGBdjp7E3Pbj,524 3 07 37
261,X2GyrjgBPNJpveaZ,524 2 05 24
262,X47N9O28wGd6Mneo,524 1 02 09
263,X809mynDXN621PoN,524 3 08 43
264,x8o7D2Ax8Lg5Y0MB,524 2 04 20
265,xE8QMJxmLGMW6lZ4,524 3 08 44
266,xJwr9glV6emG7b8o,524 2 05 24
267,xN4XQEa6JZJvkeAj,524 5 13 71
268,Y8lvgqN0n75GQwk7,524 1 03 13
269,ya9DBmDpJNm25lP1,524 3 08 44
270,ye8jQ0ovnGd9GlJa,524 4 10 54
271,YeqxBmVgL1EnONv8,524 5 13 71
272,YK6z2lXzg7w57Vap,524 4 11 57
273,YNv2EgDJxxAoy0Gr,524 3 08 44
274,yqQ6m96rp09dn510,524 5 13 71
275,YR920VxJq5PNQBAG,524 1 01 04
276,YxDnjbQ4E9pVK4A6,524 3 08 44
277,yYbzQ46yEx93D7je,524 4 12 62
278,Z4pBaoQLj4Gz76KA,524 3 08 43
279,Z51jagNxqkWR2L0o,524 4 12 62
280,ZEjaJ0lkr19vYWRB,524 1 02 09
281,ZeloJKzkEwVrLNYO,524 3 09 51
282,zGWn8opVmOQAD6xY,524 3 09 51
283,ZmPRjkQ74Xeql71V,524 4 12 62
284,ZnYwpaZxEjW6Ke7k,524 3 07 37
285,ZQG8glazmxYa1K62,524 4 10 53
286,zvaOknzKbEVD2eME,524 5 14 72
287,ZYPxqVGLzlQy6l7n,524 3 08 43
